[archive.pycon.kr/2016apac/index.html]
[backblue.gif]
[fade.gif]
[index.html]
[archive.pycon.kr/2016apac/static/image/pyconkr-2016-tag.jpg]
[archive.pycon.kr/2016apac/static/components/bootstrap/dist/css/bootstrap.min.css]
[archive.pycon.kr/2016apac/static/components/bootstrap-social/bootstrap-social.css]
[archive.pycon.kr/2016apac/static/components/font-awesome/css/font-awesome.min.css]
[archive.pycon.kr/2016apac/static/css/pyconkr.css]
[archive.pycon.kr/2016apac/static/css/pyconkr-media.css]
[archive.pycon.kr/2016apac/static/image/favicon.ico]
[archive.pycon.kr/2016apac/static/components/jquery/jquery.min.js]
[archive.pycon.kr/2016apac/static/components/bootstrap/dist/js/bootstrap.min.js]
[archive.pycon.kr/2016apac/static/js/rgb-hsv.js]
[archive.pycon.kr/2016apac/static/components/typed.js/js/typed.js]
[apis.google.com/js/plusone.js]
[archive.pycon.kr/2016apac/about/pyconkr/index.html]
[archive.pycon.kr/2016apac/about/coc/index.html]
[archive.pycon.kr/2016apac/about/announcements/index.html]
[archive.pycon.kr/2016apac/about/sponsor/index.html]
[archive.pycon.kr/2016apac/about/patron/index.html]
[archive.pycon.kr/2016apac/about/sponsorship/index.html]
[archive.pycon.kr/2016apac/about/sponsor/kakao.html]
[archive.pycon.kr/2016apac/media/sponsor/sponsor-kakao_KsLn6RS.png]
[archive.pycon.kr/2016apac/about/sponsor/psf.html]
[archive.pycon.kr/2016apac/media/sponsor/sponsor-psf_PiqlM6v.png]
[archive.pycon.kr/2016apac/about/staff/index.html]
[archive.pycon.kr/2016apac/about/sponsor/microsoft.html]
[archive.pycon.kr/2016apac/media/sponsor/sponsor-microsoft.png]
[archive.pycon.kr/2016apac/about/sponsor/ibm.html]
[archive.pycon.kr/2016apac/media/sponsor/sponsor-ibm.png]
[archive.pycon.kr/2016apac/about/contact/index.html]
[archive.pycon.kr/2016apac/about/sponsor/hyperconnect.html]
[archive.pycon.kr/2016apac/media/sponsor/sponsor-hyperconnect.png]
[archive.pycon.kr/2016apac/about/sponsor/kosslab.html]
[archive.pycon.kr/2016apac/media/sponsor/sponsor-kosslab.png]
[archive.pycon.kr/2016apac/program/schedule/index.html]
[archive.pycon.kr/2016apac/about/sponsor/devsisters.html]
[archive.pycon.kr/2016apac/program/keynote/index.html]
[archive.pycon.kr/2016apac/program/list/index.html]
[archive.pycon.kr/2016apac/program/speaker/index.html]
[archive.pycon.kr/2016apac/media/sponsor/sponsor-devsisters.png]
[archive.pycon.kr/2016apac/program/tutorials/index.html]
[archive.pycon.kr/2016apac/about/sponsor/spoqa.html]
[archive.pycon.kr/2016apac/media/sponsor/spoqa_logotype_rgb_color_400px.png]
[archive.pycon.kr/2016apac/program/lightning_talk/index.html]
[archive.pycon.kr/2016apac/about/sponsor/jetbrains.html]
[archive.pycon.kr/2016apac/media/sponsor/sponsor-jetbrain.png]
[archive.pycon.kr/2016apac/about/sponsor/elastic.html]
[archive.pycon.kr/2016apac/media/sponsor/sponsor-elastic.png]
[archive.pycon.kr/2016apac/program/ost/index.html]
[archive.pycon.kr/2016apac/about/sponsor/rgpkorea.html]
[archive.pycon.kr/2016apac/media/sponsor/sponsor-rgpkorea.png]
[archive.pycon.kr/2016apac/about/sponsor/smartstudy.html]
[archive.pycon.kr/2016apac/media/sponsor/sponsor-smartstudy.png]
[archive.pycon.kr/2016apac/about/sponsor/wanted.html]
[archive.pycon.kr/2016apac/media/sponsor/KakaoTalk_20160622_142701957.png]
[archive.pycon.kr/2016apac/venue/map/index.html]
[archive.pycon.kr/2016apac/about/sponsor/ebrain.html]
[archive.pycon.kr/2016apac/media/sponsor/sponsor-ebrain.png]
[archive.pycon.kr/2016apac/about/sponsor/chocolab.html]
[archive.pycon.kr/2016apac/media/sponsor/sponsor-chocolab.png]
[archive.pycon.kr/2016apac/venue/transportation/index.html]
[archive.pycon.kr/2016apac/about/sponsor/treenod.html]
[archive.pycon.kr/2016apac/media/sponsor/sponsor-treenod.png]
[archive.pycon.kr/2016apac/about/sponsor/akamai.html]
[archive.pycon.kr/2016apac/media/sponsor/sponsor-akamai.png]
[archive.pycon.kr/2016apac/venue/hotels/index.html]
[archive.pycon.kr/2016apac/about/sponsor/skplanet.html]
[archive.pycon.kr/2016apac/media/sponsor/sponsor-skp.png]
[archive.pycon.kr/2016apac/about/sponsor/hanbit.html]
[archive.pycon.kr/2016apac/media/sponsor/sponsor-hanbit.png]
[archive.pycon.kr/2016apac/venue/restaurants/index.html]
[archive.pycon.kr/2016apac/about/sponsor/insight.html]
[archive.pycon.kr/2016apac/media/sponsor/sponsor-insight.png]
[archive.pycon.kr/2016apac/static/image/pyconkr-badge.png]
[www.google-analytics.com/analytics.js]
[archive.pycon.kr/2016apac/static/image/naver-d2.png]
[connect.facebook.net/en_US/all.js]
[archive.pycon.kr/2016apac/index.html]
[archive.pycon.kr/2016apac/cfp/cfp/index.html]
[archive.pycon.kr/2016apac/cfp/howto/index.html]
[archive.pycon.kr/2016apac/registration/information/index.html]
[archive.pycon.kr/2016apac/registration/purchase/index.html]
[archive.pycon.kr/2016apac/login/index.html]
[archive.pycon.kr/2016apac/registration/finacial-aid/index.html]
[archive.pycon.kr/2016apac/static/components/bootstrap/dist/fonts/glyphicons-halflings-regular.eot]
[archive.pycon.kr/2016apac/static/components/bootstrap/dist/fonts/glyphicons-halflings-regulard41d.eot]
[archive.pycon.kr/2016apac/static/components/bootstrap/dist/fonts/glyphicons-halflings-regular.woff]
[archive.pycon.kr/2016apac/static/components/bootstrap/dist/fonts/glyphicons-halflings-regular.ttf]
[archive.pycon.kr/2016apac/static/components/bootstrap/dist/css/bootstrap.min.css]
[archive.pycon.kr/2016apac/static/components/bootstrap-social/bootstrap-social.css]
[archive.pycon.kr/2016apac/static/components/bootstrap/dist/fonts/glyphicons-halflings-regular.svg]
[archive.pycon.kr/2016apac/static/components/font-awesome/fonts/fontawesome-webfont862f.eot]
[archive.pycon.kr/2016apac/static/components/font-awesome/fonts/fontawesome-webfontd41d.eot]
[archive.pycon.kr/2016apac/static/components/font-awesome/fonts/fontawesome-webfont862f.woff]
[archive.pycon.kr/2016apac/static/components/font-awesome/fonts/fontawesome-webfont862f.ttf]
[archive.pycon.kr/2016apac/static/components/font-awesome/css/font-awesome.min.css]
[archive.pycon.kr/2016apac/static/components/font-awesome/fonts/fontawesome-webfont862f.svg]
[archive.pycon.kr/2016apac/static/image/python-black-small.png]
[archive.pycon.kr/2016apac/static/image/python-white.png]
[archive.pycon.kr/2016apac/static/css/pyconkr.css]
[archive.pycon.kr/2016apac/static/css/pyconkr-media.css]
[fonts.googleapis.com/earlyaccess/nanumgothic.css]
[archive.pycon.kr/2016apac/static/image/milkyway.jpg]
[archive.pycon.kr/2016apac/about/pyconkr/index.html]
[archive.pycon.kr/2016apac/about/coc/index.html]
[archive.pycon.kr/2016apac/about/announcements/index.html]
[archive.pycon.kr/2016apac/static/image/pyconkr-logo-small.png]
[archive.pycon.kr/2016apac/about/sponsor/index.html]
[archive.pycon.kr/2016apac/media/cache/c0/01/c0014b18c0e63817919d54a2608cb3d3.jpg]
[archive.pycon.kr/2016apac/media/cache/59/40/59406297acaa9d3872e069d835c76b9e.jpg]
[archive.pycon.kr/2016apac/static/image/anonymous.png]
[archive.pycon.kr/2016apac/media/cache/b2/75/b275122972d564c989f286b86d443635.jpg]
[archive.pycon.kr/2016apac/media/cache/cf/97/cf970ea6b80c823bc82ccb3c10e7bf21.jpg]
[archive.pycon.kr/2016apac/media/cache/62/6e/626eaebf11ef6df7cd249ff3ffe6215e.jpg]
[archive.pycon.kr/2016apac/media/cache/e8/52/e8520e825d48460ecd3af11cdd967f0d.jpg]
[archive.pycon.kr/2016apac/media/cache/a2/42/a2421f8c762ced304c673c51c6dbce79.jpg]
[archive.pycon.kr/2016apac/media/cache/d5/13/d5133c992c5da289da004bfbe62e70a9.jpg]
[archive.pycon.kr/2016apac/media/cache/72/56/725641f4cb1eb36d22902c05c3960471.jpg]
[archive.pycon.kr/2016apac/media/cache/6e/be/6ebe00ea3d773f6591e0a9f16ed68b0e.jpg]
[archive.pycon.kr/2016apac/media/cache/51/da/51da264845dc36f990f70081cf46d686.jpg]
[archive.pycon.kr/2016apac/media/cache/eb/2d/eb2d832bd8ce62556fb18ef020eb3655.jpg]
[archive.pycon.kr/2016apac/media/cache/59/2c/592c16777036447103bd8a6e80646b61.jpg]
[archive.pycon.kr/2016apac/media/cache/34/f7/34f7d214e0930f62f6a3c2e5acfa423e.jpg]
[archive.pycon.kr/2016apac/media/cache/cd/fa/cdfa67e491469948a6a6bc4b4525756b.jpg]
[archive.pycon.kr/2016apac/media/cache/5c/fe/5cfe659a68e0991c08734d6bd5a2fb14.jpg]
[archive.pycon.kr/2016apac/media/cache/0a/be/0abe8bbd0666da249ab186b3247c0a0f.jpg]
[archive.pycon.kr/2016apac/media/cache/b4/69/b469bf501b86a340fe727acf9e75e154.jpg]
[archive.pycon.kr/2016apac/media/cache/3c/e3/3ce3cf5188c2fa5bec7b65221196a35b.jpg]
[archive.pycon.kr/2016apac/media/cache/d1/3c/d13c9b352a2c7d514e7ce2b009a2c502.jpg]
[archive.pycon.kr/2016apac/media/cache/3a/76/3a76271fbb33d47c4e755c9053f13a24.jpg]
[archive.pycon.kr/2016apac/about/patron/index.html]
[archive.pycon.kr/2016apac/about/sponsorship/index.html]
[archive.pycon.kr/2016apac/about/staff/index.html]
[archive.pycon.kr/2016apac/about/contact/index.html]
[archive.pycon.kr/2016apac/media/cache/42/54/42541847b089ff4f815ca55199d1d106.jpg]
[archive.pycon.kr/2016apac/program/54.html]
[archive.pycon.kr/2016apac/program/47.html]
[archive.pycon.kr/2016apac/program/46.html]
[archive.pycon.kr/2016apac/program/48.html]
[archive.pycon.kr/2016apac/program/5.html]
[archive.pycon.kr/2016apac/program/19.html]
[archive.pycon.kr/2016apac/program/17.html]
[archive.pycon.kr/2016apac/program/22.html]
[archive.pycon.kr/2016apac/program/3.html]
[archive.pycon.kr/2016apac/program/34.html]
[archive.pycon.kr/2016apac/program/50.html]
[archive.pycon.kr/2016apac/program/14.html]
[archive.pycon.kr/2016apac/program/58.html]
[archive.pycon.kr/2016apac/program/25.html]
[archive.pycon.kr/2016apac/program/35.html]
[archive.pycon.kr/2016apac/program/1.html]
[archive.pycon.kr/2016apac/program/59.html]
[archive.pycon.kr/2016apac/program/6.html]
[archive.pycon.kr/2016apac/program/24.html]
[archive.pycon.kr/2016apac/program/12.html]
[archive.pycon.kr/2016apac/program/60.html]
[archive.pycon.kr/2016apac/program/13.html]
[archive.pycon.kr/2016apac/program/7.html]
[archive.pycon.kr/2016apac/program/40.html]
[archive.pycon.kr/2016apac/program/33.html]
[archive.pycon.kr/2016apac/program/18.html]
[archive.pycon.kr/2016apac/program/15.html]
[archive.pycon.kr/2016apac/program/23.html]
[archive.pycon.kr/2016apac/program/28.html]
[archive.pycon.kr/2016apac/program/8.html]
[archive.pycon.kr/2016apac/program/56.html]
[archive.pycon.kr/2016apac/program/55.html]
[archive.pycon.kr/2016apac/program/51.html]
[archive.pycon.kr/2016apac/program/52.html]
[archive.pycon.kr/2016apac/program/43.html]
[archive.pycon.kr/2016apac/program/36.html]
[archive.pycon.kr/2016apac/program/21.html]
[archive.pycon.kr/2016apac/program/39.html]
[archive.pycon.kr/2016apac/program/4.html]
[archive.pycon.kr/2016apac/program/44.html]
[archive.pycon.kr/2016apac/program/53.html]
[archive.pycon.kr/2016apac/program/26.html]
[archive.pycon.kr/2016apac/program/10.html]
[archive.pycon.kr/2016apac/program/29.html]
[archive.pycon.kr/2016apac/program/63.html]
[archive.pycon.kr/2016apac/program/37.html]
[archive.pycon.kr/2016apac/program/16.html]
[archive.pycon.kr/2016apac/program/32.html]
[archive.pycon.kr/2016apac/program/45.html]
[archive.pycon.kr/2016apac/program/11.html]
[archive.pycon.kr/2016apac/program/42.html]
[archive.pycon.kr/2016apac/program/31.html]
[archive.pycon.kr/2016apac/program/20.html]
[archive.pycon.kr/2016apac/program/27.html]
[archive.pycon.kr/2016apac/program/9.html]
[archive.pycon.kr/2016apac/program/41.html]
[archive.pycon.kr/2016apac/program/57.html]
[archive.pycon.kr/2016apac/program/62.html]
[archive.pycon.kr/2016apac/program/speaker/wes.html]
[archive.pycon.kr/2016apac/program/speaker/jacob.html]
[archive.pycon.kr/2016apac/program/speaker/sigmadream.html]
[archive.pycon.kr/2016apac/media/cache/b6/e0/b6e0211cf02db4d04a55fc1e045117cb.jpg]
[archive.pycon.kr/2016apac/program/speaker/perhapsspy.html]
[archive.pycon.kr/2016apac/media/cache/72/da/72da4453b5d91636489b71b1e8ad643e.jpg]
[archive.pycon.kr/2016apac/program/speaker/ianlewis.html]
[archive.pycon.kr/2016apac/media/cache/62/42/6242ca35207a37604678f005e43a239f.jpg]
[archive.pycon.kr/2016apac/program/speaker/wbkifun.html]
[archive.pycon.kr/2016apac/program/speaker/goodvc78.html]
[archive.pycon.kr/2016apac/media/cache/81/9c/819c55abfa32d66fa4e4a209528ff4e0.jpg]
[archive.pycon.kr/2016apac/program/speaker/lim8701.html]
[archive.pycon.kr/2016apac/media/cache/dc/33/dc33dd8231a6908cd4e122aeb463710d.jpg]
[archive.pycon.kr/2016apac/program/speaker/kwangseob_kim.html]
[archive.pycon.kr/2016apac/media/cache/c2/b2/c2b2eed6579bf943f64ad2337541ff8f.jpg]
[archive.pycon.kr/2016apac/program/speaker/inureyes.html]
[archive.pycon.kr/2016apac/media/cache/b6/1c/b61ccc3e5142e05543013309c3829626.jpg]
[archive.pycon.kr/2016apac/program/speaker/jgkong.html]
[archive.pycon.kr/2016apac/media/cache/f1/92/f192994352d48838c94243e3b00f75be.jpg]
[archive.pycon.kr/2016apac/program/speaker/cocoade.html]
[archive.pycon.kr/2016apac/program/speaker/minjiyang.html]
[archive.pycon.kr/2016apac/media/cache/30/c6/30c6e77a701d2822466b0bffd8d87e3c.jpg]
[archive.pycon.kr/2016apac/program/speaker/kyunghoon.html]
[archive.pycon.kr/2016apac/media/cache/e8/08/e8082e2618d22f5bc230a0a43bf6623f.jpg]
[archive.pycon.kr/2016apac/program/speaker/youngwook_kim.html]
[archive.pycon.kr/2016apac/media/cache/3b/dc/3bdc423ebe7980705c6fd66c25f85344.jpg]
[archive.pycon.kr/2016apac/program/speaker/reinitiate.html]
[archive.pycon.kr/2016apac/media/cache/65/ee/65ee7fdcd0ad309bbc20b5112dae7384.jpg]
[archive.pycon.kr/2016apac/program/speaker/andrew.html]
[archive.pycon.kr/2016apac/program/speaker/arisbuw.html]
[archive.pycon.kr/2016apac/media/cache/8d/84/8d848266811486657364bdf04a2a03fc.jpg]
[archive.pycon.kr/2016apac/program/speaker/scari.html]
[archive.pycon.kr/2016apac/media/cache/db/62/db627a483dbb5f84fe03234901e5cdd7.jpg]
[archive.pycon.kr/2016apac/program/speaker/mosky.html]
[archive.pycon.kr/2016apac/media/cache/83/ed/83edfbe1a9ef86fd43cf56b8bd1b0f93.jpg]
[archive.pycon.kr/2016apac/program/speaker/jaehyeukoh.html]
[archive.pycon.kr/2016apac/media/cache/61/dc/61dc929be97a8a835373d62ed9e40f85.jpg]
[archive.pycon.kr/2016apac/program/speaker/uranusjr.html]
[archive.pycon.kr/2016apac/media/cache/4d/97/4d977b25bbeb689a75f3a8f777caf2bb.jpg]
[archive.pycon.kr/2016apac/program/speaker/mhrjames.html]
[archive.pycon.kr/2016apac/program/speaker/amit.html]
[archive.pycon.kr/2016apac/media/cache/86/91/8691977e20caee2a6179c7ea5e777279.jpg]
[archive.pycon.kr/2016apac/program/speaker/addnull.html]
[archive.pycon.kr/2016apac/media/cache/2f/24/2f240a92e011ef56027e18aa36ee9349.jpg]
[archive.pycon.kr/2016apac/program/speaker/joongi.html]
[archive.pycon.kr/2016apac/media/cache/07/bd/07bdcde5526723ee07b019ed846590eb.jpg]
[archive.pycon.kr/2016apac/program/speaker/bloodevil.html]
[archive.pycon.kr/2016apac/media/cache/28/ac/28ac085bb26ea847caedbbfdb2d9d87c.jpg]
[archive.pycon.kr/2016apac/program/speaker/haje01.html]
[archive.pycon.kr/2016apac/program/speaker/armin.html]
[archive.pycon.kr/2016apac/program/speaker/fijal.html]
[archive.pycon.kr/2016apac/program/speaker/yale2a11.html]
[archive.pycon.kr/2016apac/media/cache/ac/ae/acae2c2b923e623e991746903c289cb7.jpg]
[archive.pycon.kr/2016apac/program/speaker/hongminhee.html]
[archive.pycon.kr/2016apac/media/cache/d4/e0/d4e0ddfc142165a78fd83277c8d56120.jpg]
[archive.pycon.kr/2016apac/program/speaker/nero.html]
[archive.pycon.kr/2016apac/media/cache/b7/24/b7245c4d244b0929e692f9970ec1254b.jpg]
[archive.pycon.kr/2016apac/program/speaker/flywindy2002.html]
[archive.pycon.kr/2016apac/media/cache/07/57/0757bf5754fae2e7175765c749bef8cd.jpg]
[archive.pycon.kr/2016apac/program/speaker/nacyot.html]
[archive.pycon.kr/2016apac/media/cache/cf/36/cf36571f51e0235fbafa21f5ee6b3b8b.jpg]
[archive.pycon.kr/2016apac/program/speaker/shimizukawa.html]
[archive.pycon.kr/2016apac/program/speaker/dongmoon_kim.html]
[archive.pycon.kr/2016apac/media/cache/3e/25/3e254cf7b3e211a88f887af1c898a067.jpg]
[archive.pycon.kr/2016apac/program/speaker/knewlife.html]
[archive.pycon.kr/2016apac/program/speaker/kkung.html]
[archive.pycon.kr/2016apac/program/speaker/hjlee.html]
[archive.pycon.kr/2016apac/media/cache/73/47/7347975d7763ffb57b144b9e22cc5348.jpg]
[archive.pycon.kr/2016apac/program/speaker/adrysn.html]
[archive.pycon.kr/2016apac/program/speaker/daydrilling.html]
[archive.pycon.kr/2016apac/media/cache/4a/4d/4a4d154290c26bb2bb0f87c6d2fd6f0d.jpg]
[archive.pycon.kr/2016apac/program/speaker/jogo.html]
[archive.pycon.kr/2016apac/program/speaker/kimdohhyoung.html]
[archive.pycon.kr/2016apac/program/speaker/lqez.html]
[archive.pycon.kr/2016apac/media/cache/a1/ce/a1ce0b4ddc497c95b64b6b4ad712e26d.jpg]
[archive.pycon.kr/2016apac/program/speaker/master.html]
[archive.pycon.kr/2016apac/media/cache/cc/5b/cc5b37ef40108385621f7b2d85b6f250.jpg]
[archive.pycon.kr/2016apac/program/speaker/zuneseo.html]
[archive.pycon.kr/2016apac/media/cache/d0/33/d033930491e90f81b75a4512c6eee21c.jpg]
[archive.pycon.kr/2016apac/program/speaker/trofimov.html]
[archive.pycon.kr/2016apac/media/cache/e0/bd/e0bdabef57050a141ce51a2e31b6088c.jpg]
[archive.pycon.kr/2016apac/program/speaker/carpedm20.html]
[archive.pycon.kr/2016apac/media/cache/ad/50/ad5013c2fa798a47d4468092061b32de.jpg]
[archive.pycon.kr/2016apac/program/speaker/rhh.html]
[archive.pycon.kr/2016apac/program/schedule/index.html]
[archive.pycon.kr/2016apac/program/list/index.html]
[archive.pycon.kr/2016apac/program/preference/index.html]
[archive.pycon.kr/2016apac/media/cache/fe/8b/fe8bfdeb4bcd77f29c71e53d962c25a6.jpg]
[archive.pycon.kr/2016apac/program/keynote/index.html]
[archive.pycon.kr/2016apac/program/speaker/gimmesilver.html]
[archive.pycon.kr/2016apac/program/speaker/index.html]
[archive.pycon.kr/2016apac/program/speaker/darjeeling.html]
[archive.pycon.kr/2016apac/login/index2129.html]
[archive.pycon.kr/2016apac/program/tutorial/1.html]
[archive.pycon.kr/2016apac/program/speaker/daydrilling@gmail.com/index.html]
[archive.pycon.kr/2016apac/program/tutorial/3.html]
[archive.pycon.kr/2016apac/program/tutorial/5.html]
[archive.pycon.kr/2016apac/program/tutorial/6.html]
[archive.pycon.kr/2016apac/program/tutorial/9.html]
[archive.pycon.kr/2016apac/program/tutorial/7.html]
[archive.pycon.kr/2016apac/program/tutorials/index.html]
[archive.pycon.kr/2016apac/program/lightning_talk/index.html]
[archive.pycon.kr/2016apac/program/ost/index.html]
[archive.pycon.kr/2016apac/program/tutorial/4.html]
[archive.pycon.kr_443/2016apac/media/django-summernote/2016-07-23/9faee346-31de-40a8-8225-e84429a09cad.png]
[archive.pycon.kr/2016apac/venue/map/index.html]
[archive.pycon.kr/2016apac/venue/transportation/index.html]
[archive.pycon.kr/2016apac/venue/hotels/index.html]
[archive.pycon.kr_443/2016apac/media/django-summernote/2016-07-23/d5b35918-cee6-4aaf-bc39-1ce3cea91976.png]
[archive.pycon.kr/2016apac/venue/restaurants/index.html]
[archive.pycon.kr/2016apac/cfp/cfp/index.html]
[archive.pycon.kr/2016apac/cfp/howto/index.html]
[archive.pycon.kr/2016apac/cfp/propose/index.html]
[archive.pycon.kr/2016apac/registration/information/index.html]
[archive.pycon.kr/2016apac/registration/purchase/index.html]
[archive.pycon.kr/2016apac/registration/finacial-aid/index.html]
[archive.pycon.kr/2016apac/login/index.html]
[archive.pycon.kr/cfp/cfp/index.html]
[archive.pycon.kr/2016apac/about/sponsor/kakao.html]
[archive.pycon.kr/2016apac/about/sponsor/psf.html]
[archive.pycon.kr/2016apac/about/sponsor/microsoft.html]
[archive.pycon.kr/2016apac/about/sponsor/ibm.html]
[archive.pycon.kr/2016apac/about/sponsor/hyperconnect.html]
[archive.pycon.kr/2016apac/media/django-summernote/2016-07-30/1ce044f3-cc85-4da5-9fba-8eeb8071284a.png]
[archive.pycon.kr/2016apac/about/sponsor/kosslab.html]
[archive.pycon.kr/2016apac/about/sponsor/devsisters.html]
[archive.pycon.kr/2016apac/about/sponsor/spoqa.html]
[archive.pycon.kr/2016apac/about/sponsor/jetbrains.html]
[archive.pycon.kr/2016apac/about/sponsor/elastic.html]
[archive.pycon.kr/2016apac/about/sponsor/rgpkorea.html]
[archive.pycon.kr/2016apac/about/sponsor/smartstudy.html]
[archive.pycon.kr/2016apac/about/sponsor/wanted.html]
[archive.pycon.kr/2016apac/about/sponsor/ebrain.html]
[archive.pycon.kr/2016apac/about/sponsor/chocolab.html]
[archive.pycon.kr/2016apac/about/sponsor/treenod.html]
[archive.pycon.kr/2016apac/about/sponsor/akamai.html]
[archive.pycon.kr/2016apac/about/sponsor/skplanet.html]
[archive.pycon.kr/2016apac/about/sponsor/hanbit.html]
[archive.pycon.kr/2016apac/about/sponsor/insight.html]
[connect.facebook.net/en_US/all.js]
[archive.pycon.kr/2016apac/static/components/bootstrap/dist/fonts/glyphicons-halflings-regular.svg]
[archive.pycon.kr/2016apac/static/components/font-awesome/fonts/fontawesome-webfont862f.svg]
[archive.pycon.kr/about/pyconkr/index.html]
[archive.pycon.kr/about/coc/index.html]
[archive.pycon.kr/about/announcements/index.html]
[archive.pycon.kr/about/sponsor/index.html]
[archive.pycon.kr/about/patron/index.html]
[archive.pycon.kr/about/sponsorship/index.html]
[archive.pycon.kr/about/staff/index.html]
[archive.pycon.kr/about/contact/index.html]
[archive.pycon.kr/2016apac/program/54.html]
[archive.pycon.kr/2016apac/program/47.html]
[archive.pycon.kr/2016apac/program/46.html]
[archive.pycon.kr/2016apac/program/48.html]
[archive.pycon.kr/2016apac/media/django-summernote/2016-07-30/94f2307f-9b0f-4203-9115-1008528720c1.png]
[archive.pycon.kr/2016apac/program/5.html]
[archive.pycon.kr/2016apac/media/profile/sangkon_profile.jpg]
[archive.pycon.kr/2016apac/program/19.html]
[archive.pycon.kr/2016apac/media/profile/1507782_1028980807115372_8084141481634287044_n_1.jpg]
[archive.pycon.kr/2016apac/program/17.html]
[archive.pycon.kr/2016apac/program/22.html]
[archive.pycon.kr/2016apac/media/profile/headshot1_512x512.jpg]
[archive.pycon.kr/2016apac/program/3.html]
[archive.pycon.kr/2016apac/media/profile/profile.jpg]
[archive.pycon.kr/2016apac/login/index2ec6.html]
[archive.pycon.kr/2016apac/media/profile/goodvc-profile.png]
[archive.pycon.kr/2016apac/media/django-summernote/2016-06-06/043c898c-f48c-429a-9120-7533fa2b4a9e.blob]
[archive.pycon.kr/2016apac/media/django-summernote/2016-06-06/668cd60c-c26f-46ba-bffc-4c96dd4d84b9.blob]
[archive.pycon.kr/2016apac/media/django-summernote/2016-06-06/0ecf141d-3cce-4414-b4ad-13509d2a1969.blob]
[archive.pycon.kr/2016apac/media/django-summernote/2016-06-06/91e3fdb5-1347-4278-9275-9a4c51fbb31a.blob]
[archive.pycon.kr/2016apac/media/django-summernote/2016-06-06/d7958c04-6946-46fe-ad9a-e7dea8ded1dc.blob]
[archive.pycon.kr/2016apac/media/django-summernote/2016-06-06/2562ee29-69a0-4ff3-9322-3f7000e5f6ff.blob]
[archive.pycon.kr/2016apac/media/django-summernote/2016-06-06/4c871b5a-f984-4638-99ab-409eb03aab45.blob]
[archive.pycon.kr/2016apac/media/django-summernote/2016-06-06/2692b071-9722-489b-b4e1-3e584d2b79b7.blob]
[archive.pycon.kr/2016apac/program/34.html]
[archive.pycon.kr/2016apac/media/django-summernote/2016-06-06/4195e2a4-771c-4c49-b7c2-a167c2065078.blob]
[archive.pycon.kr/2016apac/program/50.html]
[archive.pycon.kr/2016apac/media/speaker/11138079_842473825800710_5909107682696044852_n_WnQsfUu.jpg]
[archive.pycon.kr/2016apac/program/14.html]
[archive.pycon.kr/2016apac/program/58.html]
[archive.pycon.kr/2016apac/program/25.html]
[archive.pycon.kr/2016apac/media/speaker/사진_2015._8._27._오후_5.14_2.jpg]
[archive.pycon.kr/2016apac/program/35.html]
[archive.pycon.kr/2016apac/media/speaker/12508879_927419847334730_3121430030465377407_n.jpg]
[archive.pycon.kr/2016apac/program/1.html]
[archive.pycon.kr/2016apac/media/profile/Profile_with_Panda.png]
[archive.pycon.kr/2016apac/media/profile/증명사진.jpg]
[archive.pycon.kr/2016apac/program/59.html]
[archive.pycon.kr/2016apac/program/6.html]
[archive.pycon.kr/2016apac/program/24.html]
[archive.pycon.kr/2016apac/media/speaker/김영욱Microsoft.png]
[archive.pycon.kr/2016apac/program/12.html]
[archive.pycon.kr/2016apac/media/profile/3af0ede5f477704f5b7d31dd3e851962_400x400.jpg]
[archive.pycon.kr/2016apac/program/60.html]
[archive.pycon.kr/2016apac/media/django-summernote/2016-05-31/cb39c65b-1613-4574-a027-b9f6fb3e1282.blob]
[archive.pycon.kr/2016apac/program/13.html]
[archive.pycon.kr/2016apac/media/speaker/scari_pycon.jpg]
[archive.pycon.kr/2016apac/program/7.html]
[archive.pycon.kr/2016apac/media/profile/스크린샷_2016-05-31_12.58.02_f5WLozH.png]
[archive.pycon.kr/2016apac/program/40.html]
[archive.pycon.kr/2016apac/program/33.html]
[archive.pycon.kr/2016apac/media/profile/profile.png]
[archive.pycon.kr/2016apac/program/18.html]
[archive.pycon.kr/2016apac/media/profile/Amit_Kumar.jpg]
[archive.pycon.kr/2016apac/program/15.html]
[archive.pycon.kr/2016apac/media/speaker/z.png]
[archive.pycon.kr/2016apac/program/23.html]
[archive.pycon.kr/2016apac/media/speaker/DSC_0612_square.png]
[archive.pycon.kr/2016apac/program/28.html]
[archive.pycon.kr/2016apac/media/speaker/d4822e24af8a3632f73c872a424235c6.jpg]
[archive.pycon.kr/2016apac/program/8.html]
[archive.pycon.kr/2016apac/program/56.html]
[archive.pycon.kr/2016apac/program/55.html]
[archive.pycon.kr/2016apac/program/51.html]
[archive.pycon.kr/2016apac/program/52.html]
[archive.pycon.kr/2016apac/media/speaker/BetaFish2x.png]
[archive.pycon.kr/2016apac/media/profile/kjj4-s.png]
[archive.pycon.kr/2016apac/media/speaker/profile_-_2015_vacation_crop.png]
[archive.pycon.kr/2016apac/media/profile/private_profile_7.png]
[archive.pycon.kr/2016apac/program/43.html]
[archive.pycon.kr/2016apac/media/django-summernote/2016-08-03/973682ae-8681-4183-b8a5-8de2fd177133.png]
[archive.pycon.kr/2016apac/program/36.html]
[archive.pycon.kr/2016apac/program/21.html]
[archive.pycon.kr/2016apac/program/39.html]
[archive.pycon.kr/2016apac/media/profile/B612_20160319_141418.jpg]
[archive.pycon.kr/2016apac/program/4.html]
[archive.pycon.kr/2016apac/media/speaker/ivGcOHhP.jpg]
[archive.pycon.kr/2016apac/program/44.html]
[archive.pycon.kr/2016apac/media/profile/shimizukawa-face-20140914.jpg]
[archive.pycon.kr/2016apac/program/53.html]
[archive.pycon.kr/2016apac/program/26.html]
[archive.pycon.kr/2016apac/media/speaker/dongmoon.jpg]
[archive.pycon.kr/2016apac/program/10.html]
[archive.pycon.kr/2016apac/media/profile/psm.jpg]
[archive.pycon.kr/2016apac/program/29.html]
[archive.pycon.kr/2016apac/program/63.html]
[archive.pycon.kr/2016apac/program/37.html]
[archive.pycon.kr/2016apac/media/profile/KakaoTalk_20160517_225055963.jpg]
[archive.pycon.kr/2016apac/program/16.html]
[archive.pycon.kr/2016apac/program/32.html]
[archive.pycon.kr/2016apac/program/45.html]
[archive.pycon.kr/2016apac/program/11.html]
[archive.pycon.kr/2016apac/media/profile/1498060_704473299585671_1724315282_o_retouched.jpg]
[archive.pycon.kr/2016apac/program/42.html]
[archive.pycon.kr/2016apac/media/speaker/940939_1111002982273261_2259219533023240150_n.jpg]
[archive.pycon.kr/2016apac/program/31.html]
[archive.pycon.kr/2016apac/media/speaker/Artboard_1.png]
[archive.pycon.kr/2016apac/media/speaker/profile.jpg]
[archive.pycon.kr/2016apac/program/20.html]
[archive.pycon.kr/2016apac/media/profile/IMG_3917_Fotor.jpg]
[archive.pycon.kr/2016apac/program/27.html]
[archive.pycon.kr/2016apac/media/profile/IMG_8390_pp-001_small.jpg]
[archive.pycon.kr/2016apac/program/9.html]
[archive.pycon.kr/2016apac/media/profile/carpedm20_1280.jpg]
[archive.pycon.kr/2016apac/program/41.html]
[archive.pycon.kr/2016apac/program/57.html]
[archive.pycon.kr/2016apac/program/62.html]
[archive.pycon.kr/2016apac/program/speaker/wes.html]
[archive.pycon.kr/2016apac/program/speaker/jacob.html]
[archive.pycon.kr/2016apac/program/speaker/sigmadream.html]
[archive.pycon.kr/2016apac/program/speaker/perhapsspy.html]
[archive.pycon.kr/2016apac/program/speaker/ianlewis.html]
[archive.pycon.kr/2016apac/program/speaker/wbkifun.html]
[archive.pycon.kr/2016apac/program/speaker/goodvc78.html]
[archive.pycon.kr/2016apac/program/speaker/lim8701.html]
[archive.pycon.kr/2016apac/program/speaker/kwangseob_kim.html]
[archive.pycon.kr/2016apac/program/speaker/inureyes.html]
[archive.pycon.kr/2016apac/program/speaker/jgkong.html]
[archive.pycon.kr/2016apac/program/speaker/cocoade.html]
[archive.pycon.kr/2016apac/program/speaker/minjiyang.html]
[archive.pycon.kr/2016apac/program/speaker/kyunghoon.html]
[archive.pycon.kr/2016apac/program/speaker/youngwook_kim.html]
[archive.pycon.kr/2016apac/program/speaker/reinitiate.html]
[archive.pycon.kr/2016apac/program/speaker/andrew.html]
[archive.pycon.kr/2016apac/program/speaker/arisbuw.html]
[archive.pycon.kr/2016apac/program/speaker/scari.html]
[archive.pycon.kr/2016apac/program/speaker/mosky.html]
[archive.pycon.kr/2016apac/program/speaker/jaehyeukoh.html]
[archive.pycon.kr/2016apac/program/speaker/uranusjr.html]
[archive.pycon.kr/2016apac/program/speaker/mhrjames.html]
[archive.pycon.kr/2016apac/program/speaker/amit.html]
[archive.pycon.kr/2016apac/program/speaker/addnull.html]
[archive.pycon.kr/2016apac/program/speaker/joongi.html]
[archive.pycon.kr/2016apac/program/speaker/bloodevil.html]
[archive.pycon.kr/2016apac/program/speaker/haje01.html]
[archive.pycon.kr/2016apac/program/speaker/armin.html]
[archive.pycon.kr/2016apac/program/speaker/fijal.html]
[archive.pycon.kr/2016apac/program/speaker/yale2a11.html]
[archive.pycon.kr/2016apac/program/speaker/hongminhee.html]
[archive.pycon.kr/2016apac/program/speaker/nero.html]
[archive.pycon.kr/2016apac/program/speaker/flywindy2002.html]
[archive.pycon.kr/2016apac/program/speaker/nacyot.html]
[archive.pycon.kr/2016apac/program/speaker/shimizukawa.html]
[archive.pycon.kr/2016apac/program/speaker/dongmoon_kim.html]
[archive.pycon.kr/2016apac/program/speaker/knewlife.html]
[archive.pycon.kr/2016apac/program/speaker/kkung.html]
[archive.pycon.kr/2016apac/program/speaker/hjlee.html]
[archive.pycon.kr/2016apac/program/speaker/adrysn.html]
[archive.pycon.kr/2016apac/program/speaker/daydrilling.html]
[archive.pycon.kr/2016apac/program/speaker/jogo.html]
[archive.pycon.kr/2016apac/program/speaker/kimdohhyoung.html]
[archive.pycon.kr/2016apac/program/speaker/lqez.html]
[archive.pycon.kr/2016apac/program/speaker/master.html]
[archive.pycon.kr/2016apac/program/speaker/zuneseo.html]
[archive.pycon.kr/2016apac/program/speaker/trofimov.html]
[archive.pycon.kr/2016apac/program/speaker/carpedm20.html]
[archive.pycon.kr/2016apac/program/speaker/rhh.html]
[archive.pycon.kr/program/schedule/index.html]
[archive.pycon.kr/program/list/index.html]
[archive.pycon.kr/program/preference/index.html]
[archive.pycon.kr/program/keynote/index.html]
[archive.pycon.kr/program/speaker/index.html]
[archive.pycon.kr/program/tutorials/index.html]
[archive.pycon.kr/program/lightning_talk/index.html]
[archive.pycon.kr/program/ost/index.html]
[archive.pycon.kr/2016apac/login/index2129.html]
[archive.pycon.kr/2016apac/program/speaker/gimmesilver.html]
[archive.pycon.kr/2016apac/program/speaker/daydrilling@gmail.com/index.html]
[archive.pycon.kr/2016apac/program/speaker/darjeeling.html]
[archive.pycon.kr/2016apac/media/profile/Zune.jpg]
[archive.pycon.kr/2016apac/media/profile/crosscompute-logo-20150525-1321-500x500.gif]
[archive.pycon.kr/2016apac/program/tutorial/1.html]
[archive.pycon.kr/2016apac/program/tutorial/3.html]
[archive.pycon.kr/2016apac/program/tutorial/5.html]
[archive.pycon.kr/2016apac/program/tutorial/6.html]
[archive.pycon.kr/2016apac/program/tutorial/9.html]
[archive.pycon.kr/2016apac/program/tutorial/7.html]
[archive.pycon.kr/2016apac/program/tutorial/4.html]
[archive.pycon.kr/venue/map/index.html]
[archive.pycon.kr/venue/transportation/index.html]
[archive.pycon.kr/venue/hotels/index.html]
[archive.pycon.kr/venue/restaurants/index.html]
[archive.pycon.kr/cfp/howto.html]
[archive.pycon.kr/profile.html]
[archive.pycon.kr/cfp/propose/index.html]
[archive.pycon.kr/cfp/howto/index.html]
[archive.pycon.kr/registration/finacial-aid/index.html]
[archive.pycon.kr/registration/information/index.html]
[archive.pycon.kr/2016apac/login/index2ec6.html]
[archive.pycon.kr/registration/purchase/index.html]
[archive.pycon.kr/media/profile/증명사진_남택호1.html]
[archive.pycon.kr/media/profile/Gintama_1920x1080.html]
[archive.pycon.kr/media/profile/Screen_Shot_2016-04-30_at_12.32.30_PM.html]
[archive.pycon.kr/media/profile/hannal.html]
[archive.pycon.kr/media/profile/78740.html]
[archive.pycon.kr/media/profile/13607049_1116775411723381_8613965495907888977_n_1.html]
[archive.pycon.kr/media/profile/1460471506_tmp_B23-null_2.html]
[archive.pycon.kr/media/profile/joeun______.html]
[archive.pycon.kr/media/profile/IMG_0004.html]
[archive.pycon.kr/media/profile/image_adv1PD9.html]
[archive.pycon.kr/media/profile/10338433_875618262465091_922555893813614685_o.html]
[archive.pycon.kr/media/profile/IMG_0094.html]
[archive.pycon.kr/media/profile/KakaoTalk_20160623_135507109.html]
[archive.pycon.kr/media/profile/KakaoTalk_Photo_2016-08-09-13-28-18_24.html]
[archive.pycon.kr/media/profile/17212092128_fbd078917b73d15bdce6_512_qwRFDfC.html]
[archive.pycon.kr/media/profile/back_a1SRsFq.html]
[archive.pycon.kr/media/profile/Photo_on_9-17-15_at_11.46_AM.html]
[archive.pycon.kr/media/profile/IMG_0105.html]
[archive.pycon.kr/media/profile/mickey_la_union.html]
[archive.pycon.kr/media/profile/Screenshot_2016-08-12_17.46.53.html]
[archive.pycon.kr/media/profile/IMG_20160326_164843.html]
[archive.pycon.kr/media/profile/201605281232_me2.html]
[archive.pycon.kr/media/profile/SHALOMEIR-LOGO_bbclean.html]
[archive.pycon.kr/media/profile/2.html]
[archive.pycon.kr/media/profile/김명찬_800_600.html]
[archive.pycon.kr/media/profile/이지민_원서사진.html]
[archive.pycon.kr/media/profile/lqez_S9C3L67.html]
[archive.pycon.kr/media/profile/IMG_6847.html]
[archive.pycon.kr/media/profile/rac_500.html]
[archive.pycon.kr/media/profile/스크린샷_2016-07-28_오후_4.02.29_qSyeloJ.html]
[archive.pycon.kr/media/profile/KakaoTalk_20160801_120137407.html]
[archive.pycon.kr/media/profile/IMG_7752.html]
[archive.pycon.kr/media/profile/spikeekips-profile.html]
[archive.pycon.kr/media/profile/CR7Jrf4UcAEuIec.html]
[archive.pycon.kr/media/profile/불이_필요한가.html]
[archive.pycon.kr/media/profile/snowleopard_8MnBH5l.html]
[archive.pycon.kr/media/profile/SnrHaGOW_400x400.html]
[archive.pycon.kr/media/profile/1507782_1028980807115372_8084141481634287044_n_1.html]
[archive.pycon.kr/media/profile/natsuhi.html]
