[archive.pycon.kr/2015/index.html]
[backblue.gif]
[fade.gif]
[index.html]
[archive.pycon.kr_443/2015/static/image/pyconkr-badge.png]
[archive.pycon.kr/2015/static/components/bootstrap/dist/css/bootstrap.min.css]
[archive.pycon.kr/2015/static/components/bootstrap-social/bootstrap-social.css]
[archive.pycon.kr/2015/static/components/font-awesome/css/font-awesome.min.css]
[archive.pycon.kr/2015/static/css/pyconkr.css]
[archive.pycon.kr/2015/static/css/pyconkr-media.css]
[archive.pycon.kr/2015/static/image/favicon.ico]
[archive.pycon.kr/2015/static/components/jquery/jquery.min.js]
[archive.pycon.kr/2015/static/components/bootstrap/dist/js/bootstrap.min.js]
[archive.pycon.kr/2015/static/components/velocity/velocity.min.js]
[archive.pycon.kr/2015/static/components/kenburnsy/dist/jquery.kenburnsy.min.js]
[archive.pycon.kr/2015/static/js/jquery.shuffle.js]
[archive.pycon.kr/2015/static/image/jumboback1.jpg]
[archive.pycon.kr/2015/static/image/jumboback2.jpg]
[archive.pycon.kr/2015/static/image/jumboback3.jpg]
[archive.pycon.kr/2015/static/image/jumboback4.jpg]
[archive.pycon.kr/2015/static/image/jumboback5.jpg]
[apis.google.com/js/plusone.js]
[archive.pycon.kr/2015/static/image/pyconkr-logo-small.png]
[archive.pycon.kr/2015/about/pyconkr/index.html]
[archive.pycon.kr/2015/about/coc/index.html]
[archive.pycon.kr/2015/about/announcements/index.html]
[archive.pycon.kr/2015/about/sponsors/index.html]
[archive.pycon.kr/2015/about/staff/index.html]
[archive.pycon.kr/2015/about/contact/index.html]
[archive.pycon.kr/2015/about/sponsor/microsoft.html]
[archive.pycon.kr/2015/media/sponsor/sponsor-microsoft.png]
[archive.pycon.kr/2015/programs/cfp/index.html]
[archive.pycon.kr/2015/about/sponsor/google.html]
[archive.pycon.kr/2015/media/sponsor/sponsor-google.png]
[archive.pycon.kr/2015/programs/schedule/index.html]
[archive.pycon.kr/2015/about/sponsor/devsisters.html]
[archive.pycon.kr/2015/programs/list/index.html]
[archive.pycon.kr/2015/programs/ost/index.html]
[archive.pycon.kr/2015/programs/speakers/index.html]
[archive.pycon.kr/2015/venue/map/index.html]
[archive.pycon.kr/2015/media/sponsor/sponsor-devsisters.png]
[archive.pycon.kr/2015/venue/transportation/index.html]
[archive.pycon.kr/2015/about/sponsor/spoqa.html]
[archive.pycon.kr/2015/media/sponsor/sponsor-spoqa_8elxbPM.png]
[archive.pycon.kr/2015/about/sponsor/beatpacking.html]
[archive.pycon.kr/2015/media/sponsor/sponsor-beatpacking.png]
[archive.pycon.kr/2015/venue/hotels/index.html]
[archive.pycon.kr/2015/about/sponsor/nipa.html]
[archive.pycon.kr/2015/media/sponsor/sponsor-nipa.png]
[archive.pycon.kr/2015/about/sponsor/opentechnet.html]
[archive.pycon.kr/2015/media/sponsor/sponsor-opentechnet.png]
[archive.pycon.kr/2015/venue/restaurants/index.html]
[archive.pycon.kr/2015/about/sponsor/psf.html]
[archive.pycon.kr/2015/media/sponsor/sponsor-psf.png]
[archive.pycon.kr/2015/about/sponsor/smartstudy.html]
[archive.pycon.kr/2015/media/sponsor/smartstudy-v2.png]
[archive.pycon.kr/2015/about/sponsor/skplanet.html]
[archive.pycon.kr/2015/media/sponsor/sponsor-skplanet.png]
[archive.pycon.kr/2015/about/sponsor/yogiyo.html]
[archive.pycon.kr/2015/media/sponsor/sponsor-yogiyo.png]
[archive.pycon.kr/2015/login/index.html]
[archive.pycon.kr/2015/about/sponsor/ifunfactory.html]
[archive.pycon.kr/2015/media/sponsor/sponsor-ifunfactory.png]
[archive.pycon.kr/2015/about/sponsor/akamai.html]
[archive.pycon.kr/2015/media/sponsor/sponsor-akamai.png]
[archive.pycon.kr/2015/about/sponsor/line.html]
[archive.pycon.kr/2015/media/sponsor/sponsor-line.png]
[archive.pycon.kr/2015/about/sponsor/jetbrains.html]
[archive.pycon.kr/2015/media/sponsor/sponsor-jetbrains.png]
[archive.pycon.kr/2015/about/sponsor/cdnetworks.html]
[archive.pycon.kr/2015/media/sponsor/sponsor-cdnetworks.png]
[archive.pycon.kr/2015/about/sponsor/hanbit.html]
[archive.pycon.kr/2015/media/sponsor/sponsor-hanbit.png]
[archive.pycon.kr/2015/about/sponsor/insight.html]
[archive.pycon.kr/2015/media/sponsor/sponsor-insight.png]
[archive.pycon.kr/2015/about/sponsor/olc.html]
[archive.pycon.kr/2015/media/sponsor/sponsor-olc.png]
[archive.pycon.kr/2015/static/image/pyconkr-badge.png]
[www.google-analytics.com/analytics.js]
[connect.facebook.net/en_US/all.js]
[archive.pycon.kr/2015/index.html]
[archive.pycon.kr/2015/static/components/bootstrap/dist/fonts/glyphicons-halflings-regular.eot]
[archive.pycon.kr/2015/static/components/bootstrap/dist/fonts/glyphicons-halflings-regulard41d.eot]
[archive.pycon.kr/2015/static/components/bootstrap/dist/fonts/glyphicons-halflings-regular.woff]
[archive.pycon.kr/2015/static/components/bootstrap/dist/fonts/glyphicons-halflings-regular.ttf]
[archive.pycon.kr/2015/static/components/bootstrap/dist/css/bootstrap.min.css]
[archive.pycon.kr/2015/static/components/bootstrap-social/bootstrap-social.css]
[archive.pycon.kr/2015/static/components/bootstrap/dist/fonts/glyphicons-halflings-regular.svg]
[archive.pycon.kr/2015/static/components/font-awesome/fonts/fontawesome-webfont862f.eot]
[archive.pycon.kr/2015/static/components/font-awesome/fonts/fontawesome-webfontd41d.eot]
[archive.pycon.kr/2015/static/components/font-awesome/fonts/fontawesome-webfont862f.woff]
[archive.pycon.kr/2015/static/components/font-awesome/fonts/fontawesome-webfont862f.ttf]
[archive.pycon.kr/2015/static/components/font-awesome/css/font-awesome.min.css]
[archive.pycon.kr/2015/static/components/font-awesome/fonts/fontawesome-webfont862f.svg]
[archive.pycon.kr/2015/static/image/python-black-small.png]
[archive.pycon.kr/2015/static/css/pyconkr.css]
[archive.pycon.kr/2015/static/css/pyconkr-media.css]
[fonts.googleapis.com/earlyaccess/nanumgothic.css]
[archive.pycon.kr/2015/static/components/kenburnsy/dist/jquery.kenburnsy.css]
[archive.pycon.kr/2015/static/image/python-white.png]
[archive.pycon.kr/2015/static/image/halftone-red.png]
[archive.pycon.kr/2015/about/pyconkr/index.html]
[archive.pycon.kr/2015/about/coc/index.html]
[archive.pycon.kr/2015/static/image/halftone-blue.png]
[archive.pycon.kr/2015/about/announcement/7.html]
[archive.pycon.kr/2015/about/announcement/6.html]
[archive.pycon.kr/2015/about/announcement/5.html]
[archive.pycon.kr/2015/about/announcement/4.html]
[archive.pycon.kr/2015/about/announcement/3.html]
[archive.pycon.kr/2015/about/announcement/2.html]
[archive.pycon.kr/2015/about/announcements/index.html]
[archive.pycon.kr/2015/about/sponsors/index.html]
[archive.pycon.kr/2015/about/staff/index.html]
[archive.pycon.kr/2015/about/contact/index.html]
[archive.pycon.kr/2015/programs/cfp/index.html]
[archive.pycon.kr/2015/about/announcement/1.html]
[archive.pycon.kr/2015/program/73.html]
[archive.pycon.kr/2015/program/75.html]
[archive.pycon.kr/2015/program/65.html]
[archive.pycon.kr/2015/program/49.html]
[archive.pycon.kr/2015/program/44.html]
[archive.pycon.kr/2015/program/71.html]
[archive.pycon.kr/2015/program/43.html]
[archive.pycon.kr/2015/program/58.html]
[archive.pycon.kr/2015/program/35.html]
[archive.pycon.kr/2015/program/72.html]
[archive.pycon.kr/2015/program/62.html]
[archive.pycon.kr/2015/program/53.html]
[archive.pycon.kr/2015/program/33.html]
[archive.pycon.kr/2015/program/55.html]
[archive.pycon.kr/2015/program/47.html]
[archive.pycon.kr/2015/program/57.html]
[archive.pycon.kr/2015/program/36.html]
[archive.pycon.kr/2015/program/45.html]
[archive.pycon.kr/2015/program/59.html]
[archive.pycon.kr/2015/program/77.html]
[archive.pycon.kr/2015/program/74.html]
[archive.pycon.kr/2015/program/76.html]
[archive.pycon.kr/2015/program/66.html]
[archive.pycon.kr/2015/program/34.html]
[archive.pycon.kr/2015/program/46.html]
[archive.pycon.kr/2015/program/69.html]
[archive.pycon.kr/2015/program/41.html]
[archive.pycon.kr/2015/program/40.html]
[archive.pycon.kr/2015/program/39.html]
[archive.pycon.kr/2015/program/48.html]
[archive.pycon.kr/2015/program/61.html]
[archive.pycon.kr/2015/program/79.html]
[archive.pycon.kr/2015/program/42.html]
[archive.pycon.kr/2015/program/54.html]
[archive.pycon.kr/2015/program/64.html]
[archive.pycon.kr/2015/program/52.html]
[archive.pycon.kr/2015/program/63.html]
[archive.pycon.kr/2015/program/70.html]
[archive.pycon.kr/2015/program/78.html]
[archive.pycon.kr/2015/programs/speaker/darjeeling.html]
[archive.pycon.kr/2015/media/cache/35/e8/35e8f16dd1b7da2d671988ad95754da1.jpg]
[archive.pycon.kr/2015/programs/speaker/sanxiyn.html]
[archive.pycon.kr/2015/media/cache/77/77/7777b31a60f2eb5d92a26e77b66bb3aa.jpg]
[archive.pycon.kr/2015/programs/speaker/hosung.html]
[archive.pycon.kr/2015/media/cache/de/12/de1280cdbbd430f197319503ac9d054f.jpg]
[archive.pycon.kr/2015/programs/speaker/inureyes.html]
[archive.pycon.kr/2015/media/cache/0e/a2/0ea29e9f526c567520167c35e5921bc9.jpg]
[archive.pycon.kr/2015/programs/speaker/achimnol.html]
[archive.pycon.kr/2015/media/cache/07/bd/07bdcde5526723ee07b019ed846590eb.jpg]
[archive.pycon.kr/2015/programs/speaker/eric.html]
[archive.pycon.kr/2015/media/cache/40/9a/409abf0de751c713a9f77c14d4f1da94.jpg]
[archive.pycon.kr/2015/programs/speaker/scari.html]
[archive.pycon.kr/2015/media/cache/db/62/db627a483dbb5f84fe03234901e5cdd7.jpg]
[archive.pycon.kr/2015/programs/speaker/goodvc78.html]
[archive.pycon.kr/2015/media/cache/31/99/31992fff5482cd5f0e897b6d3f035bc9.jpg]
[archive.pycon.kr/2015/programs/speaker/kyunghoon.html]
[archive.pycon.kr/2015/media/cache/b1/1d/b11dee62ed3d159f4914eb604ff906d2.jpg]
[archive.pycon.kr/2015/programs/speaker/devunt.html]
[archive.pycon.kr/2015/media/cache/98/9e/989e15ccdc801cdaa2ea0c50a3eef879.jpg]
[archive.pycon.kr/2015/programs/speaker/jspark.html]
[archive.pycon.kr/2015/media/cache/22/21/22217f54bf65c56483c4f82b41f731c4.jpg]
[archive.pycon.kr/2015/programs/speaker/dohhyoung.html]
[archive.pycon.kr/2015/media/cache/a9/df/a9dfdfa1e8fd009d0728ade54c9be31b.jpg]
[archive.pycon.kr/2015/programs/speaker/shimizukawa.html]
[archive.pycon.kr/2015/media/cache/42/8e/428e3ec3226cef889414cc222c908d8f.jpg]
[archive.pycon.kr/2015/programs/speaker/hiraikaen.html]
[archive.pycon.kr/2015/media/cache/87/68/8768cc66d6dfc4aae2c333715d0ed158.jpg]
[archive.pycon.kr/2015/programs/speaker/daesung.html]
[archive.pycon.kr/2015/media/cache/14/b7/14b76ce329e94ab2ebfd5a82a5ac1ce0.jpg]
[archive.pycon.kr/2015/programs/speaker/youngtaek.html]
[archive.pycon.kr/2015/static/image/anonymous.png]
[archive.pycon.kr/2015/programs/speaker/lucypark.html]
[archive.pycon.kr/2015/media/cache/f9/a3/f9a3ba5b2280e3c6f1cdef12393ae402.jpg]
[archive.pycon.kr/2015/programs/speaker/sublee.html]
[archive.pycon.kr/2015/media/cache/17/c8/17c8c4f3c1f6d111695a81c358ae2268.jpg]
[archive.pycon.kr/2015/programs/speaker/hong18s.html]
[archive.pycon.kr/2015/media/cache/c6/5a/c65a90de9ee2b8b7215b3dcb02448c36.jpg]
[archive.pycon.kr/2015/programs/speaker/trustin.html]
[archive.pycon.kr/2015/media/cache/19/59/1959f3096800e9bf7abe7a5ae8cdfe92.jpg]
[archive.pycon.kr/2015/programs/speaker/kkung.html]
[archive.pycon.kr/2015/media/cache/c8/9b/c89ba56e6a5c626e6876796f79bf2329.jpg]
[archive.pycon.kr/2015/programs/speaker/robert.html]
[archive.pycon.kr/2015/media/cache/50/4a/504ad7740bc4f62350b2b3fb1ab72de1.jpg]
[archive.pycon.kr/2015/programs/speaker/perky.html]
[archive.pycon.kr/2015/media/cache/a2/45/a24534d79a9f5b5d618058ee158f0800.jpg]
[archive.pycon.kr/2015/programs/speaker/ipkn.html]
[archive.pycon.kr/2015/programs/speaker/youknowone.html]
[archive.pycon.kr/2015/media/cache/6d/33/6d338b02b2a7197c35642c813df9916d.jpg]
[archive.pycon.kr/2015/programs/speaker/hyunho.html]
[archive.pycon.kr/2015/media/cache/ba/0d/ba0d8d5927b5b1f59708d4b99c77cc46.jpg]
[archive.pycon.kr/2015/programs/speaker/jc.html]
[archive.pycon.kr/2015/media/cache/cc/5b/cc5b37ef40108385621f7b2d85b6f250.jpg]
[archive.pycon.kr/2015/programs/speaker/aichupanda.html]
[archive.pycon.kr/2015/programs/speaker/wbkifun.html]
[archive.pycon.kr/2015/media/cache/25/ab/25abb98b8f01d18b447b5e4b43d57bce.jpg]
[archive.pycon.kr/2015/programs/speaker/clee11.html]
[archive.pycon.kr/2015/media/cache/09/40/0940220596ae88da3a4f198802d4b244.jpg]
[archive.pycon.kr/2015/programs/speaker/ian.html]
[archive.pycon.kr/2015/media/cache/e6/16/e616f1abae22145b8bec7bb7dd083a07.jpg]
[archive.pycon.kr/2015/programs/speaker/myungkim.html]
[archive.pycon.kr/2015/media/cache/e1/03/e103ba93bcf01e47ab1f8e85926619fc.jpg]
[archive.pycon.kr/2015/programs/speaker/lqez.html]
[archive.pycon.kr/2015/programs/schedule/index.html]
[archive.pycon.kr/2015/media/cache/51/46/514659aab4fe9c04c3950aa07417f8d2.jpg]
[archive.pycon.kr/2015/programs/list/index.html]
[archive.pycon.kr/2015/program/51.html]
[archive.pycon.kr/2015/programs/speaker/yongho.html]
[archive.pycon.kr/2015/media/cache/64/54/6454bf2ca0cee3bd8481ac98e2caf4f3.jpg]
[archive.pycon.kr/2015/programs/speakers/index.html]
[archive.pycon.kr/2015/programs/ost/index.html]
[archive.pycon.kr/2015/programs/speakers/himskim/index.html]
[nuri.nipa.kr/rt/images/sub/information/map9.jpg]
[nuri.nipa.kr/rt/images/sub/information/map10.jpg]
[archive.pycon.kr/2015/venue/map/index.html]
[archive.pycon.kr/2015/venue/transportation/index.html]
[archive.pycon.kr/2015/venue/hotels/index.html]
[archive.pycon.kr/2015/venue/restaurants/index.html]
[archive.pycon.kr/2015/registration/index.html]
[archive.pycon.kr/2015/login/index.html]
[archive.pycon.kr/programs/cfp.html]
[archive.pycon.kr/about/sponsor/info.html]
[archive.pycon.kr/2015/about/sponsor/microsoft.html]
[archive.pycon.kr/2015/about/sponsor/google.html]
[archive.pycon.kr/2015/about/sponsor/devsisters.html]
[archive.pycon.kr/2015/about/sponsor/spoqa.html]
[archive.pycon.kr/2015/about/sponsor/beatpacking.html]
[archive.pycon.kr/2015/about/sponsor/nipa.html]
[archive.pycon.kr/2015/about/sponsor/opentechnet.html]
[archive.pycon.kr/2015/about/sponsor/psf.html]
[archive.pycon.kr/2015/about/sponsor/smartstudy.html]
[archive.pycon.kr/2015/about/sponsor/skplanet.html]
[archive.pycon.kr/2015/about/sponsor/yogiyo.html]
[archive.pycon.kr/2015/about/sponsor/ifunfactory.html]
[archive.pycon.kr/2015/about/sponsor/akamai.html]
[archive.pycon.kr/2015/about/sponsor/line.html]
[archive.pycon.kr/2015/about/sponsor/jetbrains.html]
[archive.pycon.kr/2015/about/sponsor/cdnetworks.html]
[archive.pycon.kr/2015/about/sponsor/hanbit.html]
[archive.pycon.kr/2015/about/sponsor/insight.html]
[archive.pycon.kr/2015/about/sponsor/olc.html]
[connect.facebook.net/en_US/all.js]
[archive.pycon.kr/2015/static/components/bootstrap/dist/fonts/glyphicons-halflings-regular.svg]
[archive.pycon.kr/2015/static/components/font-awesome/fonts/fontawesome-webfont862f.svg]
[archive.pycon.kr/2015/about/announcement/7.html]
[archive.pycon.kr/2015/about/announcement/6.html]
[archive.pycon.kr/2015/about/announcement/5.html]
[archive.pycon.kr/2015/about/announcement/4.html]
[archive.pycon.kr/2015/about/announcement/3.html]
[archive.pycon.kr/2015/about/announcement/2.html]
[archive.pycon.kr/2015/about/announcement/1.html]
[archive.pycon.kr/2015/program/73.html]
[archive.pycon.kr/2015/login/index8503.html]
[archive.pycon.kr/2015/accounts/twitter/login/index.html]
[archive.pycon.kr/2015/program/75.html]
[archive.pycon.kr/2015/media/speaker/pycon_profile_darjeeling.jpg]
[archive.pycon.kr/2015/program/65.html]
[archive.pycon.kr/2015/media/speaker/sanxiyn.jpg]
[archive.pycon.kr/2015/program/49.html]
[archive.pycon.kr/2015/media/speaker/leehosung.png]
[archive.pycon.kr/2015/program/44.html]
[archive.pycon.kr/2015/media/speaker/profile_2015_03.jpg]
[archive.pycon.kr/2015/program/71.html]
[archive.pycon.kr/2015/media/speaker/11.jpg]
[archive.pycon.kr/2015/program/43.html]
[archive.pycon.kr/2015/program/58.html]
[archive.pycon.kr/2015/media/speaker/profile_-_2015_vacation_crop.png]
[archive.pycon.kr/2015/program/35.html]
[archive.pycon.kr/2015/media/speaker/goodvc78_profile.png]
[archive.pycon.kr/2015/media/speaker/scari_pycon.jpg]
[archive.pycon.kr/2015/program/72.html]
[archive.pycon.kr/2015/media/speaker/11845950_1634619630135528_2131818766_n.jpg]
[archive.pycon.kr/2015/program/62.html]
[archive.pycon.kr/2015/media/speaker/pycon2014_wu5oTIT]
[archive.pycon.kr/2015/program/53.html]
[archive.pycon.kr/2015/media/speaker/pycon_jspark_3.jpg]
[archive.pycon.kr/2015/media/speaker/joelkim.jpg]
[archive.pycon.kr/2015/program/33.html]
[archive.pycon.kr/2015/media/speaker/Takayuki.jpg]
[archive.pycon.kr/2015/program/55.html]
[archive.pycon.kr/2015/media/speaker/profile_1Zl3Ioo.jpg]
[archive.pycon.kr/2015/program/47.html]
[archive.pycon.kr/2015/program/57.html]
[archive.pycon.kr/2015/program/36.html]
[archive.pycon.kr/2015/media/speaker/pycon_lucy_park.jpg]
[archive.pycon.kr/2015/program/45.html]
[archive.pycon.kr/2015/media/speaker/pycon_daesung_web.jpg]
[archive.pycon.kr/2015/program/59.html]
[archive.pycon.kr/2015/program/77.html]
[archive.pycon.kr/2015/program/74.html]
[archive.pycon.kr/2015/program/76.html]
[archive.pycon.kr/2015/media/speaker/IMG_8517.jpg]
[archive.pycon.kr/2015/program/66.html]
[archive.pycon.kr/2015/media/speaker/thisisgame-600x600_AtKDMrv]
[archive.pycon.kr/2015/program/34.html]
[archive.pycon.kr/2015/media/speaker/psm.jpg]
[archive.pycon.kr/2015/program/46.html]
[archive.pycon.kr/2015/program/69.html]
[archive.pycon.kr/2015/media/speaker/pic-500.jpg]
[archive.pycon.kr/2015/program/41.html]
[archive.pycon.kr/2015/program/40.html]
[archive.pycon.kr/2015/media/speaker/hschang.jpg]
[archive.pycon.kr/2015/program/39.html]
[archive.pycon.kr/2015/media/speaker/20150130_121754.png]
[archive.pycon.kr/2015/program/48.html]
[archive.pycon.kr/2015/media/speaker/image2.jpg]
[archive.pycon.kr/2015/program/61.html]
[archive.pycon.kr/2015/program/79.html]
[archive.pycon.kr/2015/media/speaker/profile.jpg]
[archive.pycon.kr/2015/program/42.html]
[archive.pycon.kr/2015/media/speaker/20140913_161641.jpg]
[archive.pycon.kr/2015/program/54.html]
[archive.pycon.kr/2015/program/64.html]
[archive.pycon.kr/2015/media/speaker/kihwan-2014.01.22.png]
[archive.pycon.kr/2015/program/52.html]
[archive.pycon.kr/2015/media/speaker/profile_sunglasses.jpg]
[archive.pycon.kr/2015/program/63.html]
[archive.pycon.kr/2015/media/speaker/kivy.jpg]
[archive.pycon.kr/2015/program/70.html]
[archive.pycon.kr/2015/program/78.html]
[archive.pycon.kr/2015/media/speaker/character.png]
[archive.pycon.kr/2015/media/speaker/10424984_862101277163434_2253295022590056537_n_Eif61tC.jpg]
[archive.pycon.kr/2015/programs/speaker/darjeeling.html]
[archive.pycon.kr_443/2015/media/speaker/pycon_profile_darjeeling.jpg]
[archive.pycon.kr/2015/programs/speaker/sanxiyn.html]
[archive.pycon.kr_443/2015/media/speaker/sanxiyn.jpg]
[archive.pycon.kr/2015/programs/speaker/hosung.html]
[archive.pycon.kr_443/2015/media/speaker/leehosung.png]
[archive.pycon.kr/2015/programs/speaker/inureyes.html]
[archive.pycon.kr_443/2015/media/speaker/profile_2015_03.jpg]
[archive.pycon.kr/2015/programs/speaker/achimnol.html]
[archive.pycon.kr_443/2015/media/speaker/profile_-_2015_vacation_crop.png]
[archive.pycon.kr/2015/programs/speaker/eric.html]
[archive.pycon.kr_443/2015/media/speaker/11.jpg]
[archive.pycon.kr/2015/programs/speaker/scari.html]
[archive.pycon.kr_443/2015/media/speaker/scari_pycon.jpg]
[archive.pycon.kr/2015/programs/speaker/goodvc78.html]
[archive.pycon.kr/2015/programs/speaker/kyunghoon.html]
[archive.pycon.kr_443/2015/media/speaker/goodvc78_profile.png]
[archive.pycon.kr/2015/programs/speaker/devunt.html]
[archive.pycon.kr_443/2015/media/speaker/11845950_1634619630135528_2131818766_n.jpg]
[archive.pycon.kr/2015/programs/speaker/jspark.html]
[archive.pycon.kr_443/2015/media/speaker/pycon_jspark_3.jpg]
[archive.pycon.kr/2015/programs/speaker/dohhyoung.html]
[archive.pycon.kr_443/2015/media/speaker/joelkim.jpg]
[archive.pycon.kr/2015/programs/speaker/shimizukawa.html]
[archive.pycon.kr_443/2015/media/speaker/Takayuki.jpg]
[archive.pycon.kr/2015/programs/speaker/hiraikaen.html]
[archive.pycon.kr_443/2015/media/speaker/profile_1Zl3Ioo.jpg]
[archive.pycon.kr/2015/programs/speaker/daesung.html]
[archive.pycon.kr_443/2015/media/speaker/pycon_daesung_web.jpg]
[archive.pycon.kr/2015/programs/speaker/youngtaek.html]
[archive.pycon.kr_443/2015/static/image/anonymous.png]
[archive.pycon.kr/2015/programs/speaker/lucypark.html]
[archive.pycon.kr/2015/programs/speaker/sublee.html]
[archive.pycon.kr_443/2015/media/speaker/pycon_lucy_park.jpg]
[archive.pycon.kr/2015/programs/speaker/hong18s.html]
[archive.pycon.kr_443/2015/media/speaker/IMG_8517.jpg]
[archive.pycon.kr/2015/programs/speaker/trustin.html]
[archive.pycon.kr_443/2015/media/speaker/20150130_121754.png]
[archive.pycon.kr/2015/programs/speaker/kkung.html]
[archive.pycon.kr_443/2015/media/speaker/psm.jpg]
[archive.pycon.kr/2015/programs/speaker/robert.html]
[archive.pycon.kr_443/2015/media/speaker/pic-500.jpg]
[archive.pycon.kr/2015/programs/speaker/perky.html]
[archive.pycon.kr/2015/programs/speaker/ipkn.html]
[archive.pycon.kr_443/2015/media/speaker/hschang.jpg]
[archive.pycon.kr/2015/programs/speaker/youknowone.html]
[archive.pycon.kr_443/2015/media/speaker/image2.jpg]
[archive.pycon.kr/2015/programs/speaker/hyunho.html]
[archive.pycon.kr_443/2015/media/speaker/20140913_161641.jpg]
[archive.pycon.kr/2015/programs/speaker/jc.html]
[archive.pycon.kr/2015/programs/speaker/aichupanda.html]
[archive.pycon.kr_443/2015/media/speaker/profile.jpg]
[archive.pycon.kr/2015/programs/speaker/wbkifun.html]
[archive.pycon.kr_443/2015/media/speaker/kihwan-2014.01.22.png]
[archive.pycon.kr/2015/programs/speaker/clee11.html]
[archive.pycon.kr_443/2015/media/speaker/kivy.jpg]
[archive.pycon.kr/2015/programs/speaker/ian.html]
[archive.pycon.kr_443/2015/media/speaker/profile_sunglasses.jpg]
[archive.pycon.kr_443/2015/media/speaker/character.png]
[archive.pycon.kr/2015/programs/speaker/himskim.14b.delayed]
[archive.pycon.kr/2015/programs/speaker/myungkim.html]
[archive.pycon.kr/2015/programs/speaker/lqez.html]
[archive.pycon.kr_443/2015/media/speaker/10424984_862101277163434_2253295022590056537_n_Eif61tC.jpg]
[archive.pycon.kr/2015/program/51.html]
[archive.pycon.kr/2015/media/speaker/yongho_0l1XxXa.jpg]
[archive.pycon.kr/2015/programs/speaker/yongho.html]
[archive.pycon.kr/2015/programs/speakers/himskim/index.html]
[archive.pycon.kr/static/image/map.html]
[archive.pycon.kr/2015/login/index8503.html]
[archive.pycon.kr/2015/accounts/github/login/index.html]
[archive.pycon.kr/2015/accounts/twitter/login/index.html]
[archive.pycon.kr/programs/cfp/index.html]
[archive.pycon.kr/programs/lightningtalks/index.html]
[archive.pycon.kr/2015/programs/speaker/himskim.html]
[archive.pycon.kr_443/2015/media/speaker/yongho_0l1XxXa.jpg]
[archive.pycon.kr/2015/accounts/github/login/indexc347.html]
[archive.pycon.kr/2015/accounts/twitter/login/indexc347.html]
[archive.pycon.kr/2015/accounts/twitter/login/indexc347.html]
