[archive.pycon.kr/2017/index.html]
[backblue.gif]
[fade.gif]
[index.html]
[archive.pycon.kr/2017/static/image/pyconkr-2017-cover.png]
[archive.pycon.kr/2017/static/components/bootstrap/dist/css/bootstrap.min.css]
[archive.pycon.kr/2017/static/components/bootstrap-social/bootstrap-social.css]
[archive.pycon.kr/2017/static/components/font-awesome/css/font-awesome.min.css]
[archive.pycon.kr/2017/static/components/montserrat-webfont/css/montserrat-webfont.min.css]
[archive.pycon.kr/2017/static/css/pyconkr.css]
[archive.pycon.kr/2017/static/css/pyconkr-media.css]
[archive.pycon.kr/2017/static/image/favicon.ico]
[archive.pycon.kr/2017/static/components/jquery/dist/jquery.min.js]
[archive.pycon.kr/2017/static/components/bootstrap/dist/js/bootstrap.min.js]
[archive.pycon.kr/2017/static/js/rgb-hsv.js]
[archive.pycon.kr/2017/static/components/js-cookie/src/js.cookie.js]
[archive.pycon.kr/2017/static/components/handlebars/handlebars.min.js]
[archive.pycon.kr/2017/static/image/angle_bracket_fill.png]
[archive.pycon.kr/2017/static/image/angle_bracket_line.png]
[apis.google.com/js/plusone.js]
[archive.pycon.kr/2017/about/pyconkr/index.html]
[archive.pycon.kr/2017/about/coc/index.html]
[archive.pycon.kr/2017/about/blog/index.html]
[archive.pycon.kr/2017/about/announcements/index.html]
[archive.pycon.kr/2017/about/sponsor/index.html]
[archive.pycon.kr/2017/about/sponsor/psf.html]
[archive.pycon.kr/2017/media/sponsor/psf-crop_mfeUXJT.png]
[archive.pycon.kr/2017/about/patron/index.html]
[archive.pycon.kr/2017/about/sponsor/asan.html]
[archive.pycon.kr/2017/media/sponsor/asan-logo.png]
[archive.pycon.kr/2017/about/sponsor/whatap.html]
[archive.pycon.kr/2017/media/sponsor/Logo_a4_rearrange_iMjtz0i.png]
[archive.pycon.kr/2017/about/sponsor/lezhin.html]
[archive.pycon.kr/2017/about/sponsorship/index.html]
[archive.pycon.kr/2017/media/sponsor/The_red_tag_logo_SgqoF3m.png]
[archive.pycon.kr/2017/about/sponsor/smartstudy.html]
[archive.pycon.kr/2017/media/sponsor/smartstudy_ci_J2inMmh.png]
[archive.pycon.kr/2017/about/sponsor/ifunfactory.html]
[archive.pycon.kr/2017/media/sponsor/ifun_logo_crop.png]
[archive.pycon.kr/2017/about/staff/index.html]
[archive.pycon.kr/2017/about/sponsor/elastic.html]
[archive.pycon.kr/2017/media/sponsor/elastic-logo-crop.png]
[archive.pycon.kr/2017/about/sponsor/buzzvil.html]
[archive.pycon.kr/2017/media/sponsor/buzzvil_logo_crop_IU1NjTv.png]
[archive.pycon.kr/2017/about/contact/index.html]
[archive.pycon.kr/2017/about/sponsor/codigm.html]
[archive.pycon.kr/2017/media/sponsor/logo_codigm.png]
[archive.pycon.kr/2017/about/sponsor/jetbrains.html]
[archive.pycon.kr/2017/media/sponsor/logo_JetBrains_crop.png]
[archive.pycon.kr/2017/program/schedule/index.html]
[archive.pycon.kr/2017/about/sponsor/nhnent.html]
[archive.pycon.kr/2017/program/speaker/index.html]
[archive.pycon.kr/2017/program/list/index.html]
[archive.pycon.kr/2017/program/keynote/index.html]
[archive.pycon.kr/2017/program/tutorials/index.html]
[archive.pycon.kr/2017/media/sponsor/nhnent.png]
[archive.pycon.kr/2017/program/young_coder/index.html]
[archive.pycon.kr/2017/about/sponsor/line.html]
[archive.pycon.kr/2017/media/sponsor/LINE_Text_Logo_TypeA.png]
[archive.pycon.kr/2017/program/child_care/index.html]
[archive.pycon.kr/2017/about/sponsor/coupang.html]
[archive.pycon.kr/2017/media/sponsor/COUPANG-CROP.png]
[archive.pycon.kr/2017/about/sponsor/lablup.html]
[archive.pycon.kr/2017/media/sponsor/Lablup-logo-crop_zSIfV7U.png]
[archive.pycon.kr/2017/program/lightning_talk/index.html]
[archive.pycon.kr/2017/about/sponsor/intake.html]
[archive.pycon.kr/2017/media/sponsor/intake_ci-crop.png]
[archive.pycon.kr/2017/about/sponsor/ab180.html]
[archive.pycon.kr/2017/media/sponsor/ab180_logo.png]
[archive.pycon.kr/2017/about/sponsor/ibm.html]
[archive.pycon.kr/2017/media/sponsor/ibm-logo.png]
[archive.pycon.kr/2017/program/ost/index.html]
[archive.pycon.kr/2017/about/sponsor/skplanet.html]
[archive.pycon.kr/2017/media/sponsor/skplanet.png]
[archive.pycon.kr/2017/about/sponsor/haezoom.html]
[archive.pycon.kr/2017/media/sponsor/haezoom_crop.png]
[archive.pycon.kr/2017/venue/map/index.html]
[archive.pycon.kr/2017/about/sponsor/peoplefund.html]
[archive.pycon.kr/2017/media/sponsor/pf_logo.png]
[archive.pycon.kr/2017/static/image/pyconkr-badge.png]
[www.google-analytics.com/analytics.js]
[archive.pycon.kr/2017/static/image/naver-d2.png]
[connect.facebook.net/en_US/all.js]
[archive.pycon.kr/2017/index.html]
[archive.pycon.kr/2017/venue/transportation/index.html]
[archive.pycon.kr/2017/cfp/cfp/index.html]
[archive.pycon.kr/2017/cfp/howto/index.html]
[archive.pycon.kr/2017/registration/information/index.html]
[archive.pycon.kr/2017/registration/purchase/index.html]
[archive.pycon.kr/2017/registration/finacial-aid/index.html]
[archive.pycon.kr/2017/static/components/bootstrap/dist/fonts/glyphicons-halflings-regular.eot]
[archive.pycon.kr/2017/static/components/bootstrap/dist/fonts/glyphicons-halflings-regulard41d.eot]
[archive.pycon.kr/2017/en/index.html]
[archive.pycon.kr/2017/login/index.html]
[archive.pycon.kr/2017/static/components/bootstrap/dist/fonts/glyphicons-halflings-regular.woff2]
[archive.pycon.kr/2017/static/components/bootstrap/dist/fonts/glyphicons-halflings-regular.woff]
[archive.pycon.kr/2017/static/components/bootstrap/dist/fonts/glyphicons-halflings-regular.ttf]
[archive.pycon.kr/2017/static/components/bootstrap/dist/css/bootstrap.min.css]
[archive.pycon.kr/2017/static/components/bootstrap-social/bootstrap-social.css]
[archive.pycon.kr/2017/static/components/bootstrap/dist/fonts/glyphicons-halflings-regular.svg]
[archive.pycon.kr/2017/static/components/font-awesome/fonts/fontawesome-webfont3e6e.eot]
[archive.pycon.kr/2017/static/components/font-awesome/fonts/fontawesome-webfontd41d.eot]
[archive.pycon.kr/2017/static/components/font-awesome/fonts/fontawesome-webfont3e6e.woff2]
[archive.pycon.kr/2017/static/components/font-awesome/fonts/fontawesome-webfont3e6e.woff]
[archive.pycon.kr/2017/static/components/font-awesome/fonts/fontawesome-webfont3e6e.ttf]
[archive.pycon.kr/2017/static/components/font-awesome/css/font-awesome.min.css]
[archive.pycon.kr/2017/static/components/font-awesome/fonts/fontawesome-webfont3e6e.svg]
[archive.pycon.kr/2017/static/components/montserrat-webfont/fonts/montserrat-regular-webfont.eot]
[archive.pycon.kr/2017/static/components/montserrat-webfont/fonts/montserrat-regular-webfontd41d.eot]
[archive.pycon.kr/2017/static/components/montserrat-webfont/fonts/montserrat-regular-webfont.woff2]
[archive.pycon.kr/2017/static/components/montserrat-webfont/fonts/montserrat-regular-webfont.woff]
[archive.pycon.kr/2017/static/components/montserrat-webfont/fonts/montserrat-regular-webfont.ttf]
[archive.pycon.kr/2017/static/components/montserrat-webfont/fonts/montserrat-bold-webfont.eot]
[archive.pycon.kr/2017/static/components/montserrat-webfont/fonts/montserrat-bold-webfontd41d.eot]
[archive.pycon.kr/2017/static/components/montserrat-webfont/fonts/montserrat-bold-webfont.woff2]
[archive.pycon.kr/2017/static/components/montserrat-webfont/fonts/montserrat-bold-webfont.woff]
[archive.pycon.kr/2017/static/components/montserrat-webfont/css/montserrat-webfont.min.css]
[archive.pycon.kr/2017/static/components/montserrat-webfont/fonts/montserrat-bold-webfont.ttf]
[archive.pycon.kr/2017/static/image/python-black-small.png]
[archive.pycon.kr/2017/static/css/pyconkr.css]
[archive.pycon.kr/2017/static/css/pyconkr-media.css]
[fonts.googleapis.com/earlyaccess/nanumgothic.css]
[archive.pycon.kr/2017/static/image/python-yellow.png]
[archive.pycon.kr/2017/about/pyconkr/index.html]
[archive.pycon.kr/2017/about/coc/index.html]
[archive.pycon.kr/2017/about/blog/index.html]
[archive.pycon.kr/2017/static/image/pycon2017-logo-yellow.png]
[archive.pycon.kr/2017/about/announcement/10.html]
[archive.pycon.kr/2017/about/announcement/9.html]
[archive.pycon.kr/2017/about/announcement/8.html]
[archive.pycon.kr/2017/about/announcement/7.html]
[archive.pycon.kr/2017/about/announcement/6.html]
[archive.pycon.kr/2017/about/announcement/5.html]
[archive.pycon.kr/2017/about/announcement/4.html]
[archive.pycon.kr/2017/about/announcement/3.html]
[archive.pycon.kr/2017/about/announcements/index.html]
[archive.pycon.kr/2017/about/sponsor/index.html]
[archive.pycon.kr/2017/about/announcement/2.html]
[archive.pycon.kr/2017/media/cache/4d/f8/4df8871fbc47931826dbfabc3769e383.jpg]
[archive.pycon.kr/2017/static/image/anonymous.png]
[archive.pycon.kr/2017/media/cache/35/59/35592793d82987eef8856f3061142fa3.jpg]
[archive.pycon.kr/2017/media/cache/a7/ec/a7ec08aa4a2e9de2583252076b15334b.jpg]
[archive.pycon.kr/2017/media/cache/50/f6/50f6f1fee8021030d3357c620ca5cd29.jpg]
[archive.pycon.kr/2017/media/cache/9e/ba/9eba9d924f967271d258beaa34077685.jpg]
[archive.pycon.kr/2017/media/cache/e8/0d/e80d847c55998f2ea9099b581336f1e6.jpg]
[archive.pycon.kr/2017/media/cache/2c/f3/2cf364e64c9ccf910a68586c1714a7ef.jpg]
[archive.pycon.kr/2017/media/cache/96/28/9628f270fa6f3b5a050beca307fb44b9.jpg]
[archive.pycon.kr/2017/media/cache/b2/5e/b25e6b872201b2c1dbb3a46ba9a92691.jpg]
[archive.pycon.kr/2017/media/cache/2f/ae/2faee00633e7c665f40250fa4c976af2.jpg]
[archive.pycon.kr/2017/media/cache/3d/0e/3d0eb01cb82bdc8c0f32d2d1d8f7c7d1.jpg]
[archive.pycon.kr/2017/media/cache/65/69/6569e72969bcd50cbfa1d78d88a779e2.jpg]
[archive.pycon.kr/2017/media/cache/3a/f1/3af169f3673bbf3825a3d9bed3ae01e0.jpg]
[archive.pycon.kr/2017/media/cache/0a/1a/0a1a1360c5686fa6a4b1f2487590f790.jpg]
[archive.pycon.kr/2017/media/cache/e2/70/e27086c402012a590d46886827a714de.jpg]
[archive.pycon.kr/2017/media/cache/0f/a6/0fa683cb16fbe8a8145983b77da1b0ae.jpg]
[archive.pycon.kr/2017/media/cache/b9/cd/b9cd1f78cba12b90d3f8b7157bdf81ff.jpg]
[archive.pycon.kr/2017/media/cache/b3/de/b3dea6c0badd7ca23b1ef3a6d8c6877e.jpg]
[archive.pycon.kr/2017/media/cache/ad/a8/ada84f3a76e9a128b111419f38e7368c.jpg]
[archive.pycon.kr/2017/about/patron/index.html]
[archive.pycon.kr/2017/about/sponsorship/index.html]
[archive.pycon.kr/2017/about/staff/index.html]
[archive.pycon.kr/2017/about/contact/index.html]
[archive.pycon.kr/2017/media/cache/7f/57/7f57b2c7a9b717d9764cbf7575d31137.jpg]
[archive.pycon.kr/2017/program/186.html]
[archive.pycon.kr/2017/program/187.html]
[archive.pycon.kr/2017/program/188.html]
[archive.pycon.kr/2017/program/189.html]
[archive.pycon.kr/2017/program/190.html]
[archive.pycon.kr/2017/program/191.html]
[archive.pycon.kr/2017/program/127.html]
[archive.pycon.kr/2017/program/135.html]
[archive.pycon.kr/2017/program/183.html]
[archive.pycon.kr/2017/program/172.html]
[archive.pycon.kr/2017/program/182.html]
[archive.pycon.kr/2017/program/139.html]
[archive.pycon.kr/2017/program/192.html]
[archive.pycon.kr/2017/program/128.html]
[archive.pycon.kr/2017/program/141.html]
[archive.pycon.kr/2017/program/132.html]
[archive.pycon.kr/2017/program/211.html]
[archive.pycon.kr/2017/program/136.html]
[archive.pycon.kr/2017/program/176.html]
[archive.pycon.kr/2017/program/193.html]
[archive.pycon.kr/2017/program/147.html]
[archive.pycon.kr/2017/program/130.html]
[archive.pycon.kr/2017/program/167.html]
[archive.pycon.kr/2017/program/161.html]
[archive.pycon.kr/2017/program/175.html]
[archive.pycon.kr/2017/program/145.html]
[archive.pycon.kr/2017/program/153.html]
[archive.pycon.kr/2017/program/195.html]
[archive.pycon.kr/2017/program/194.html]
[archive.pycon.kr/2017/program/134.html]
[archive.pycon.kr/2017/program/155.html]
[archive.pycon.kr/2017/program/213.html]
[archive.pycon.kr/2017/program/162.html]
[archive.pycon.kr/2017/program/215.html]
[archive.pycon.kr/2017/program/160.html]
[archive.pycon.kr/2017/program/196.html]
[archive.pycon.kr/2017/program/198.html]
[archive.pycon.kr/2017/program/197.html]
[archive.pycon.kr/2017/program/199.html]
[archive.pycon.kr/2017/program/200.html]
[archive.pycon.kr/2017/program/158.html]
[archive.pycon.kr/2017/program/138.html]
[archive.pycon.kr/2017/program/131.html]
[archive.pycon.kr/2017/program/209.html]
[archive.pycon.kr/2017/program/137.html]
[archive.pycon.kr/2017/program/201.html]
[archive.pycon.kr/2017/program/144.html]
[archive.pycon.kr/2017/program/163.html]
[archive.pycon.kr/2017/program/179.html]
[archive.pycon.kr/2017/program/156.html]
[archive.pycon.kr/2017/program/174.html]
[archive.pycon.kr/2017/program/212.html]
[archive.pycon.kr/2017/program/202.html]
[archive.pycon.kr/2017/program/184.html]
[archive.pycon.kr/2017/program/154.html]
[archive.pycon.kr/2017/program/159.html]
[archive.pycon.kr/2017/program/140.html]
[archive.pycon.kr/2017/program/169.html]
[archive.pycon.kr/2017/program/203.html]
[archive.pycon.kr/2017/program/171.html]
[archive.pycon.kr/2017/program/165.html]
[archive.pycon.kr/2017/program/133.html]
[archive.pycon.kr/2017/program/143.html]
[archive.pycon.kr/2017/program/149.html]
[archive.pycon.kr/2017/program/216.html]
[archive.pycon.kr/2017/program/204.html]
[archive.pycon.kr/2017/program/166.html]
[archive.pycon.kr/2017/program/181.html]
[archive.pycon.kr/2017/program/177.html]
[archive.pycon.kr/2017/program/214.html]
[archive.pycon.kr/2017/program/210.html]
[archive.pycon.kr/2017/program/205.html]
[archive.pycon.kr/2017/program/146.html]
[archive.pycon.kr/2017/program/150.html]
[archive.pycon.kr/2017/program/151.html]
[archive.pycon.kr/2017/program/2.html]
[archive.pycon.kr/2017/program/152.html]
[archive.pycon.kr/2017/program/142.html]
[archive.pycon.kr/2017/program/206.html]
[archive.pycon.kr/2017/program/207.html]
[archive.pycon.kr/2017/program/208.html]
[archive.pycon.kr/2017/program/speaker/tebica.html]
[archive.pycon.kr/2017/media/cache/15/28/1528ca82e60b0c57ef320e57dcf5253e.jpg]
[archive.pycon.kr/2017/program/speaker/hongminhee.html]
[archive.pycon.kr/2017/media/cache/dd/b0/ddb0814b506db788ef81ae5333cf52d3.jpg]
[archive.pycon.kr/2017/program/speaker/lqez.html]
[archive.pycon.kr/2017/media/cache/34/21/34218f3985ce28cc671cd6a8ec913992.jpg]
[archive.pycon.kr/2017/program/speaker/leehosung.html]
[archive.pycon.kr/2017/media/cache/34/17/34171f3ec8bfd22fa4e0f956642e9778.jpg]
[archive.pycon.kr/2017/program/speaker/han.html]
[archive.pycon.kr/2017/media/cache/cc/5b/cc5b37ef40108385621f7b2d85b6f250.jpg]
[archive.pycon.kr/2017/program/speaker/hahafree12.html]
[archive.pycon.kr/2017/media/cache/a6/cc/a6cc18cb203d5cedc6f8cbb479f2ddbd.jpg]
[archive.pycon.kr/2017/program/speaker/soylovit.html]
[archive.pycon.kr/2017/media/cache/20/d9/20d9c1e1deed1fad0faea3e2566aa6fe.jpg]
[archive.pycon.kr/2017/program/speaker/yoonjs2.html]
[archive.pycon.kr/2017/media/cache/8b/53/8b5343bd60de2c938bcce05e2cbb5870.jpg]
[archive.pycon.kr/2017/program/speaker/perhapsspy.html]
[archive.pycon.kr/2017/media/cache/ba/08/ba08d424ce96d7471d84127298b6a185.jpg]
[archive.pycon.kr/2017/program/speaker/ukysung.html]
[archive.pycon.kr/2017/media/cache/dd/71/dd715c4bb546989ca1bf2d3d25f9806a.jpg]
[archive.pycon.kr/2017/program/speaker/etoilefille.html]
[archive.pycon.kr/2017/media/cache/1f/56/1f56199653f5645cc272e2e30db5c748.jpg]
[archive.pycon.kr/2017/program/speaker/adrysn.html]
[archive.pycon.kr/2017/media/cache/86/92/8692b50236111e84e3e0f33aae0cea3c.jpg]
[archive.pycon.kr/2017/program/speaker/pagaia.html]
[archive.pycon.kr/2017/media/cache/7c/51/7c51a87af2db0ef57dca600a55d6496a.jpg]
[archive.pycon.kr/2017/program/speaker/justinlabry.html]
[archive.pycon.kr/2017/media/cache/59/32/5932170c46ba95a6cd36ed0555670aff.jpg]
[archive.pycon.kr/2017/program/speaker/k239507.html]
[archive.pycon.kr/2017/media/cache/f0/81/f0819265c4d8f81aa2dc4a29fa644335.jpg]
[archive.pycon.kr/2017/program/speaker/bbayoung7849.html]
[archive.pycon.kr/2017/media/cache/38/fb/38fb2d5d1358d9ba173618a8f46bfa32.jpg]
[archive.pycon.kr/2017/program/speaker/oraora82.html]
[archive.pycon.kr/2017/media/cache/a1/5b/a15bfce16847c49fc7fc63e3d405d081.jpg]
[archive.pycon.kr/2017/program/speaker/inureyes.html]
[archive.pycon.kr/2017/media/cache/72/f0/72f0b3edbc28f4b8e6f97ef43cedf561.jpg]
[archive.pycon.kr/2017/program/speaker/sl.html]
[archive.pycon.kr/2017/program/speaker/isicho.html]
[archive.pycon.kr/2017/media/cache/22/33/22335f162e7402c0794ae803bb8c784d.jpg]
[archive.pycon.kr/2017/program/speaker/bluese05.html]
[archive.pycon.kr/2017/media/cache/23/16/2316d5c79ca56734ba302f842bca62c0.jpg]
[archive.pycon.kr/2017/program/speaker/darjeeling.html]
[archive.pycon.kr/2017/program/speaker/manojpandey1996.html]
[archive.pycon.kr/2017/media/cache/46/9b/469b7e0a5b3642fb70a6d249aa6e8eb4.jpg]
[archive.pycon.kr/2017/program/speaker/zuneseo.html]
[archive.pycon.kr/2017/program/speaker/younggunkim.html]
[archive.pycon.kr/2017/media/cache/20/bc/20bccc0e5be6eda09a7cb9730ffe36f5.jpg]
[archive.pycon.kr/2017/program/speaker/jangseapark.html]
[archive.pycon.kr/2017/media/cache/28/35/28358ef9ec638b12edf2f412df62e669.jpg]
[archive.pycon.kr/2017/program/speaker/mjpark03.html]
[archive.pycon.kr/2017/media/cache/90/cf/90cf021d704cedd4d3c639a237f47ca7.jpg]
[archive.pycon.kr/2017/program/speaker/druidcho.html]
[archive.pycon.kr/2017/media/cache/3f/42/3f42ccf844ada98d343cf8106b23b25b.jpg]
[archive.pycon.kr/2017/program/speaker/yeongseonchoe.html]
[archive.pycon.kr/2017/media/cache/4e/34/4e34e9a28e3cf3b35f77531c8141e021.jpg]
[archive.pycon.kr/2017/program/speaker/kstreee.html]
[archive.pycon.kr/2017/media/cache/65/d7/65d72e78168e25c1fa1378d5a1bf26e2.jpg]
[archive.pycon.kr/2017/program/speaker/joongom.html]
[archive.pycon.kr/2017/media/cache/7f/2f/7f2f74cb262acfacf22e116ed253ce25.jpg]
[archive.pycon.kr/2017/program/speaker/luaviskang.html]
[archive.pycon.kr/2017/media/cache/09/59/0959e7a68e1a28779252ecb6ceadb632.jpg]
[archive.pycon.kr/2017/program/speaker/devunt.html]
[archive.pycon.kr/2017/media/cache/68/c9/68c947f5a6293a62689dd14fc453019f.jpg]
[archive.pycon.kr/2017/program/speaker/hassanabidpk89.html]
[archive.pycon.kr/2017/media/cache/80/2f/802f936524905d8aa514fdce069b1f5d.jpg]
[archive.pycon.kr/2017/program/speaker/swyoon.html]
[archive.pycon.kr/2017/program/speaker/leehongjoo.html]
[archive.pycon.kr/2017/media/cache/eb/2c/eb2c5441378fc688917ebd511a686a31.jpg]
[archive.pycon.kr/2017/program/speaker/search5.html]
[archive.pycon.kr/2017/program/speaker/haje01.html]
[archive.pycon.kr/2017/media/cache/4f/c3/4fc3ee1a2cb4177bb61ddbb364199caa.jpg]
[archive.pycon.kr/2017/program/speaker/achimnol.html]
[archive.pycon.kr/2017/media/cache/c9/aa/c9aa361ebb7efcbf11e6b381678b7b59.jpg]
[archive.pycon.kr/2017/program/speaker/seoweonyoo.html]
[archive.pycon.kr/2017/program/speaker/seankkang.html]
[archive.pycon.kr/2017/media/cache/37/68/376875485e7061932e52d5fd4c7ebab7.jpg]
[archive.pycon.kr/2017/program/speaker/bloodevil4.html]
[archive.pycon.kr/2017/media/cache/a4/12/a4128270f6a8fd01ef3009b7504510cf.jpg]
[archive.pycon.kr/2017/program/speaker/kennethan.html]
[archive.pycon.kr/2017/media/cache/93/1c/931cd5d962dd19fa0901e070077b7760.jpg]
[archive.pycon.kr/2017/program/speaker/daesung7kang.html]
[archive.pycon.kr/2017/media/cache/9c/76/9c765b7aca24c4728f920d2da46fffa1.jpg]
[archive.pycon.kr/2017/program/speaker/hong18s.html]
[archive.pycon.kr/2017/media/cache/e1/cb/e1cbe8f9edb887c70a8f9a9b198fb073.jpg]
[archive.pycon.kr/2017/program/speaker/me.html]
[archive.pycon.kr/2017/media/cache/66/74/66741968227df92ae695e3d59589caa9.jpg]
[archive.pycon.kr/2017/program/speaker/shaynekang.html]
[archive.pycon.kr/2017/media/cache/a0/89/a089f38c7816ac0a2a3bb13f525ede35.jpg]
[archive.pycon.kr/2017/program/speaker/ianyrchoi.html]
[archive.pycon.kr/2017/media/cache/9c/c1/9cc1a055ef2d2020b4c8adf8fbb4eccd.jpg]
[archive.pycon.kr/2017/program/speaker/latheledusjp.html]
[archive.pycon.kr/2017/media/cache/28/b7/28b74521e775f9f1db47a4cf52851395.jpg]
[archive.pycon.kr/2017/program/speaker/bestop79.html]
[archive.pycon.kr/2017/program/speaker/cochoa0x1.html]
[archive.pycon.kr/2017/media/cache/eb/bc/ebbc56ff15d6ca414550b0aaa090d764.jpg]
[archive.pycon.kr/2017/program/speaker/dyanos.html]
[archive.pycon.kr/2017/program/speaker/taeheonkwon.html]
[archive.pycon.kr/2017/program/speaker/saintdragon2.html]
[archive.pycon.kr/2017/media/cache/15/c0/15c0685263d2c34c5af32f6ac8ec29d0.jpg]
[archive.pycon.kr/2017/program/speaker/iamkanghyojun.html]
[archive.pycon.kr/2017/media/cache/30/62/30629c696da1acb30d4e6b9426ff658e.jpg]
[archive.pycon.kr/2017/program/speaker/addnull.html]
[archive.pycon.kr/2017/media/cache/4a/ac/4aacdd6bc2bd8d29510eaf44d47ae88e.jpg]
[archive.pycon.kr/2017/program/speaker/maxtortime.html]
[archive.pycon.kr/2017/media/cache/3f/dc/3fdcb2c83f5ebee629596f47ccaf8c13.jpg]
[archive.pycon.kr/2017/program/speaker/leonjwpark.html]
[archive.pycon.kr/2017/program/speaker/riabaldevia.html]
[archive.pycon.kr/2017/media/cache/c4/95/c49587c73dccae9d1419ba1d2bb55beb.jpg]
[archive.pycon.kr/2017/program/speaker/sungjoonchoi.html]
[archive.pycon.kr/2017/program/schedule/index.html]
[archive.pycon.kr/2017/program/list/index.html]
[archive.pycon.kr/2017/program/keynote/index.html]
[archive.pycon.kr/2017/media/cache/84/03/8403cb8c075df61a96d0322032f22870.jpg]
[archive.pycon.kr/2017/program/speaker/index.html]
[archive.pycon.kr/2017/program/tutorial/1.html]
[archive.pycon.kr/2017/program/tutorial/5.html]
[archive.pycon.kr/2017/program/tutorial/8.html]
[archive.pycon.kr/2017/program/tutorial/2.html]
[archive.pycon.kr/2017/program/tutorial/7.html]
[archive.pycon.kr/2017/program/tutorial/11.html]
[archive.pycon.kr/2017/program/tutorial/6.html]
[archive.pycon.kr/2017/program/tutorial/12.html]
[archive.pycon.kr/2017/program/sprint/2.html]
[archive.pycon.kr/2017/program/sprint/1.html]
[archive.pycon.kr/2017/program/sprint/6.html]
[archive.pycon.kr/2017/program/sprint/7.html]
[archive.pycon.kr/2017/program/sprint/3.html]
[archive.pycon.kr/2017/program/sprint/5.html]
[archive.pycon.kr/2017/program/sprint/9.html]
[archive.pycon.kr/2017/program/tutorials/index.html]
[archive.pycon.kr/2017/program/young_coder/index.html]
[archive.pycon.kr/2017/program/child_care/index.html]
[archive.pycon.kr/2017/program/lightning_talk/index.html]
[archive.pycon.kr/2017/program/ost/index.html]
[archive.pycon.kr/2017/program/sprint/8.html]
[archive.pycon.kr/2017/media/django-summernote/2017-05-15/596b66fe-0a16-4982-becf-b6b67b72c3e1.png]
[archive.pycon.kr/2017/venue/map/index.html]
[archive.pycon.kr/2017/venue/transportation/index.html]
[archive.pycon.kr/2017/media/django-summernote/2017-05-15/4637281b-94f3-4f39-bcdf-bf7663598c6c.png]
[archive.pycon.kr/2017/cfp/cfp/index.html]
[archive.pycon.kr/2017/cfp/howto/index.html]
[archive.pycon.kr/2017/registration/information/index.html]
[archive.pycon.kr/2017/registration/purchase/index.html]
[archive.pycon.kr/2017/registration/finacial-aid/index.html]
[archive.pycon.kr/2017/login/index.html]
[archive.pycon.kr/2017/en/about/pyconkr/index.html]
[archive.pycon.kr/2017/en/about/coc/index.html]
[archive.pycon.kr/2017/en/about/blog/index.html]
[archive.pycon.kr/2017/en/about/sponsor/index.html]
[archive.pycon.kr/2017/en/about/announcements/index.html]
[archive.pycon.kr/2017/en/about/patron/index.html]
[archive.pycon.kr/2017/en/about/sponsorship/index.html]
[archive.pycon.kr/2017/en/about/staff/index.html]
[archive.pycon.kr/2017/en/about/contact/index.html]
[archive.pycon.kr/2017/en/program/list/index.html]
[archive.pycon.kr/2017/en/program/keynote/index.html]
[archive.pycon.kr/2017/en/program/schedule/index.html]
[archive.pycon.kr/2017/en/program/speaker/index.html]
[archive.pycon.kr/2017/en/program/tutorials/index.html]
[archive.pycon.kr/2017/en/program/young_coder/index.html]
[archive.pycon.kr/2017/en/program/child_care/index.html]
[archive.pycon.kr/2017/en/program/lightning_talk/index.html]
[archive.pycon.kr/2017/en/about/sponsor/psf.html]
[archive.pycon.kr/2017/en/program/ost/index.html]
[archive.pycon.kr/2017/en/about/sponsor/asan.html]
[archive.pycon.kr/2017/en/about/sponsor/whatap.html]
[archive.pycon.kr/2017/en/about/sponsor/lezhin.html]
[archive.pycon.kr/2017/en/about/sponsor/smartstudy.html]
[archive.pycon.kr/2017/en/venue/map/index.html]
[archive.pycon.kr/2017/en/about/sponsor/ifunfactory.html]
[archive.pycon.kr/2017/en/about/sponsor/elastic.html]
[archive.pycon.kr/2017/en/about/sponsor/buzzvil.html]
[archive.pycon.kr/2017/en/about/sponsor/codigm.html]
[archive.pycon.kr/2017/en/about/sponsor/jetbrains.html]
[archive.pycon.kr/2017/en/venue/transportation/index.html]
[archive.pycon.kr/2017/en/about/sponsor/nhnent.html]
[archive.pycon.kr/2017/en/about/sponsor/line.html]
[archive.pycon.kr/2017/en/about/sponsor/coupang.html]
[archive.pycon.kr/2017/en/about/sponsor/lablup.html]
[archive.pycon.kr/2017/en/about/sponsor/intake.html]
[archive.pycon.kr/2017/en/cfp/cfp/index.html]
[archive.pycon.kr/2017/en/about/sponsor/ab180.html]
[archive.pycon.kr/2017/en/about/sponsor/ibm.html]
[archive.pycon.kr/2017/en/about/sponsor/skplanet.html]
[archive.pycon.kr/2017/en/about/sponsor/haezoom.html]
[archive.pycon.kr/2017/en/cfp/howto/index.html]
[archive.pycon.kr/2017/en/index.html]
[archive.pycon.kr/2017/about/sponsor/psf.html]
[archive.pycon.kr/2017/about/sponsor/asan.html]
[archive.pycon.kr/2017/en/about/sponsor/peoplefund.html]
[archive.pycon.kr/2017/about/sponsor/whatap.html]
[archive.pycon.kr/2017/en/registration/information/index.html]
[archive.pycon.kr/2017/en/registration/purchase/index.html]
[archive.pycon.kr/2017/about/sponsor/lezhin.html]
[archive.pycon.kr/2017/en/registration/finacial-aid/index.html]
[archive.pycon.kr/2017/about/sponsor/smartstudy.html]
[archive.pycon.kr/2017/about/sponsor/ifunfactory.html]
[archive.pycon.kr/2017/about/sponsor/elastic.html]
[archive.pycon.kr/2017/about/sponsor/buzzvil.html]
[archive.pycon.kr/2017/about/sponsor/codigm.html]
[archive.pycon.kr/2017/about/sponsor/jetbrains.html]
[archive.pycon.kr/2017/en/login/index.html]
[archive.pycon.kr/2017/media/django-summernote/2017-07-10/6614f53b-9279-4554-b4b9-55c1c7f49659.png]
[archive.pycon.kr/2017/about/sponsor/nhnent.html]
[archive.pycon.kr/2017/about/sponsor/line.html]
[archive.pycon.kr/2017/about/sponsor/coupang.html]
[archive.pycon.kr/2017/about/sponsor/lablup.html]
[archive.pycon.kr/2017/about/sponsor/intake.html]
[archive.pycon.kr/2017/about/sponsor/ab180.html]
[archive.pycon.kr/2017/about/sponsor/ibm.html]
[archive.pycon.kr/2017/about/sponsor/skplanet.html]
[archive.pycon.kr/2017/about/sponsor/haezoom.html]
[archive.pycon.kr/2017/about/sponsor/peoplefund.html]
[connect.facebook.net/en_US/all.js]
[archive.pycon.kr/2017/static/components/bootstrap/dist/fonts/glyphicons-halflings-regular.svg]
[archive.pycon.kr/2017/static/components/font-awesome/fonts/fontawesome-webfont3e6e.svg]
[archive.pycon.kr/about/pyconkr/index.html]
[archive.pycon.kr/about/coc/index.html]
[archive.pycon.kr/about/blog/index.html]
[archive.pycon.kr/about/announcements/index.html]
[archive.pycon.kr/about/sponsor/index.html]
[archive.pycon.kr/about/patron/index.html]
[archive.pycon.kr/about/sponsorship/index.html]
[archive.pycon.kr/about/staff/index.html]
[archive.pycon.kr/about/contact/index.html]
[archive.pycon.kr/2017/media/django-summernote/2017-07-10/1881dc9b-5854-48f8-a107-ea0210ecbc79.png]
[www.facebook.com/images/emoji.php/v9/feb/2/16/1f642.png]
[archive.pycon.kr/2017/about/announcement/10.html]
[archive.pycon.kr/2017/about/announcement/9.html]
[archive.pycon.kr/2017/about/announcement/8.html]
[archive.pycon.kr/2017/about/announcement/7.html]
[www.facebook.com/images/emoji.php/v9/f2b/2/16/1f389.png]
[www.facebook.com/images/emoji.php/v9/fdb/2/16/1f4a1.png]
[archive.pycon.kr/2017/about/announcement/6.html]
[archive.pycon.kr/2017/about/announcement/5.html]
[archive.pycon.kr/2017/about/announcement/4.html]
[archive.pycon.kr/2017/about/announcement/3.html]
[archive.pycon.kr/2017/about/announcement/2.html]
[archive.pycon.kr/2017/program/186.html]
[archive.pycon.kr/2017/program/187.html]
[archive.pycon.kr/2017/media/speaker/DSC_0095_square.jpg]
[archive.pycon.kr/2017/program/188.html]
[archive.pycon.kr/2017/program/189.html]
[archive.pycon.kr/2017/media/speaker/IMG_7752.jpg]
[archive.pycon.kr/2017/program/190.html]
[archive.pycon.kr/2017/program/191.html]
[archive.pycon.kr/2017/media/speaker/lqez-2.jpg]
[archive.pycon.kr/2017/program/127.html]
[archive.pycon.kr/2017/program/135.html]
[archive.pycon.kr/2017/media/speaker/profile.jpg]
[archive.pycon.kr/2017/media/speaker/스크린샷_2017-07-19_오전_12.00.50.png]
[archive.pycon.kr/2017/program/183.html]
[archive.pycon.kr/2017/media/speaker/pycon_profile_yungon.jpg]
[archive.pycon.kr/2017/program/172.html]
[archive.pycon.kr/2017/program/182.html]
[archive.pycon.kr/2017/media/speaker/hyunjoong_2.jpg]
[archive.pycon.kr/2017/program/139.html]
[archive.pycon.kr/2017/program/192.html]
[archive.pycon.kr/2017/media/speaker/IMG_5757.jpg]
[archive.pycon.kr/2017/program/128.html]
[archive.pycon.kr/2017/media/speaker/1494560375117.jpg]
[archive.pycon.kr/2017/program/141.html]
[archive.pycon.kr/2017/media/speaker/profile_RH1LFvJ.jpg]
[archive.pycon.kr/2017/program/132.html]
[archive.pycon.kr/2017/media/speaker/official_profile.jpg]
[archive.pycon.kr/2017/program/211.html]
[archive.pycon.kr/2017/program/136.html]
[archive.pycon.kr/2017/media/speaker/HoonJo.png]
[archive.pycon.kr/2017/media/speaker/profile_photo2.jpg]
[archive.pycon.kr/2017/program/176.html]
[archive.pycon.kr/2017/program/193.html]
[archive.pycon.kr/2017/media/speaker/profile-image.jpg]
[archive.pycon.kr/2017/program/147.html]
[archive.pycon.kr/2017/media/speaker/T1TTEK8C9-U1TSYMSJ0-3a43e67c1c19-512.jpg]
[archive.pycon.kr/2017/program/130.html]
[archive.pycon.kr/2017/media/speaker/15940499_1391000634257792_1675097444688545351_n.jpg]
[archive.pycon.kr/2017/program/167.html]
[archive.pycon.kr/2017/program/161.html]
[archive.pycon.kr/2017/media/speaker/jshin.jpg]
[archive.pycon.kr/2017/media/speaker/5257943.png]
[archive.pycon.kr/2017/program/175.html]
[archive.pycon.kr/2017/media/speaker/IMG_20150218_081135.jpg]
[archive.pycon.kr/2017/program/145.html]
[archive.pycon.kr/2017/program/153.html]
[archive.pycon.kr/2017/program/195.html]
[archive.pycon.kr/2017/program/194.html]
[archive.pycon.kr/2017/media/speaker/song_profile.jpg]
[archive.pycon.kr/2017/program/134.html]
[archive.pycon.kr/2017/program/155.html]
[archive.pycon.kr/2017/media/speaker/dp.jpg]
[archive.pycon.kr/2017/program/213.html]
[archive.pycon.kr/2017/program/162.html]
[archive.pycon.kr/2017/media/speaker/IMG_0999.jpg]
[archive.pycon.kr/2017/program/215.html]
[archive.pycon.kr/2017/media/speaker/Rachel.jpg]
[archive.pycon.kr/2017/program/160.html]
[archive.pycon.kr/2017/program/196.html]
[archive.pycon.kr/2017/program/198.html]
[archive.pycon.kr/2017/program/197.html]
[archive.pycon.kr/2017/program/199.html]
[archive.pycon.kr/2017/program/200.html]
[archive.pycon.kr/2017/media/speaker/scari_square.png]
[archive.pycon.kr/2017/program/158.html]
[archive.pycon.kr/2017/media/speaker/Untitled-1.jpg]
[archive.pycon.kr/2017/program/138.html]
[archive.pycon.kr/2017/media/speaker/IMG_7711.jpg]
[archive.pycon.kr/2017/program/131.html]
[archive.pycon.kr/2017/program/209.html]
[archive.pycon.kr/2017/media/speaker/IMG_1767.jpg]
[archive.pycon.kr/2017/program/137.html]
[archive.pycon.kr/2017/program/201.html]
[archive.pycon.kr/2017/media/speaker/11402579_10206976601312945_1922165508394018045_o_1.jpg]
[archive.pycon.kr/2017/program/144.html]
[archive.pycon.kr/2017/media/speaker/profile_picture.jpg]
[archive.pycon.kr/2017/program/163.html]
[archive.pycon.kr/2017/program/179.html]
[archive.pycon.kr/2017/media/speaker/hassan_image.jpg]
[archive.pycon.kr/2017/program/156.html]
[archive.pycon.kr/2017/program/174.html]
[archive.pycon.kr/2017/media/speaker/DSC08417.jpg]
[archive.pycon.kr/2017/media/speaker/1498060_704473299585671_1724315282_o_retouched.jpg]
[archive.pycon.kr/2017/program/212.html]
[archive.pycon.kr/2017/program/202.html]
[archive.pycon.kr/2017/program/184.html]
[archive.pycon.kr/2017/program/154.html]
[archive.pycon.kr/2017/program/159.html]
[archive.pycon.kr/2017/media/speaker/201705-01-800x800.jpg]
[archive.pycon.kr/2017/media/speaker/profile_sean.png]
[archive.pycon.kr/2017/program/140.html]
[archive.pycon.kr/2017/media/speaker/kjj4.jpg]
[archive.pycon.kr/2017/media/speaker/KakaoTalk_20170809_140217105.jpg]
[archive.pycon.kr/2017/program/169.html]
[archive.pycon.kr/2017/program/203.html]
[archive.pycon.kr/2017/media/speaker/15578865_363573577343284_6856442730733332028_n.png]
[archive.pycon.kr/2017/program/171.html]
[archive.pycon.kr/2017/program/165.html]
[archive.pycon.kr/2017/media/speaker/11225392_893581567344992_8695296191361456314_n.jpg]
[archive.pycon.kr/2017/program/133.html]
[archive.pycon.kr/2017/media/speaker/peoplefund_profile-2.jpg]
[archive.pycon.kr/2017/program/143.html]
[archive.pycon.kr/2017/media/speaker/20170310_133140.png]
[archive.pycon.kr/2017/media/speaker/yufuinnsquare.png]
[archive.pycon.kr/2017/program/149.html]
[archive.pycon.kr/2017/media/speaker/5001971.jpg]
[archive.pycon.kr/2017/media/speaker/IMG_1397.jpg]
[www.dropbox.com/s/l44kppdyymwdj3f/스크린샷 2017-08-07 22.46.29.1c07874.delayed]
[www.dropbox.com/s/dl/l44kppdyymwdj3f/스크린샷 2017-08-07 22.46.29.1c1.delayed]
[archive.pycon.kr/2017/program/216.html]
[archive.pycon.kr/2017/program/204.html]
[archive.pycon.kr/2017/program/166.html]
[archive.pycon.kr/2017/program/181.html]
[archive.pycon.kr/2017/program/177.html]
[archive.pycon.kr/2017/program/214.html]
[archive.pycon.kr/2017/media/speaker/somedude.jpg]
[archive.pycon.kr/2017/program/210.html]
[archive.pycon.kr/2017/program/205.html]
[archive.pycon.kr/2017/program/146.html]
[archive.pycon.kr/2017/media/speaker/16708467_1398626446875096_8179850240867492282_n.jpg]
[archive.pycon.kr/2017/program/150.html]
[archive.pycon.kr/2017/program/151.html]
[archive.pycon.kr/2017/program/2.html]
[archive.pycon.kr/2017/media/speaker/프사.jpg]
[archive.pycon.kr/2017/media/speaker/sungyong.png]
[archive.pycon.kr/2017/media/speaker/private_profile_7.png]
[archive.pycon.kr/2017/program/152.html]
[archive.pycon.kr/2017/program/142.html]
[archive.pycon.kr/2017/program/206.html]
[archive.pycon.kr/2017/program/207.html]
[archive.pycon.kr/2017/program/208.html]
[archive.pycon.kr/2017/program/speaker/tebica.html]
[archive.pycon.kr/2017/program/speaker/hongminhee.html]
[archive.pycon.kr/2017/program/speaker/lqez.html]
[archive.pycon.kr/2017/program/speaker/leehosung.html]
[archive.pycon.kr/2017/program/speaker/han.html]
[archive.pycon.kr/2017/program/speaker/hahafree12.html]
[archive.pycon.kr/2017/program/speaker/soylovit.html]
[archive.pycon.kr/2017/program/speaker/yoonjs2.html]
[archive.pycon.kr/2017/program/speaker/perhapsspy.html]
[archive.pycon.kr/2017/program/speaker/ukysung.html]
[archive.pycon.kr/2017/program/speaker/etoilefille.html]
[archive.pycon.kr/2017/program/speaker/adrysn.html]
[archive.pycon.kr/2017/media/speaker/KakaoTalk_20170803_214532427.jpg]
[archive.pycon.kr/2017/program/speaker/pagaia.html]
[archive.pycon.kr/2017/program/speaker/justinlabry.html]
[archive.pycon.kr/2017/program/speaker/k239507.html]
[archive.pycon.kr/2017/program/speaker/bbayoung7849.html]
[archive.pycon.kr/2017/program/speaker/oraora82.html]
[archive.pycon.kr/2017/program/speaker/inureyes.html]
[archive.pycon.kr/2017/program/speaker/sl.html]
[archive.pycon.kr/2017/program/speaker/isicho.html]
[archive.pycon.kr/2017/program/speaker/bluese05.html]
[archive.pycon.kr/2017/program/speaker/darjeeling.html]
[archive.pycon.kr/2017/program/speaker/manojpandey1996.html]
[archive.pycon.kr/2017/program/speaker/zuneseo.html]
[archive.pycon.kr/2017/program/speaker/younggunkim.html]
[archive.pycon.kr/2017/program/speaker/jangseapark.html]
[archive.pycon.kr/2017/program/speaker/mjpark03.html]
[archive.pycon.kr/2017/program/speaker/druidcho.html]
[archive.pycon.kr/2017/program/speaker/yeongseonchoe.html]
[archive.pycon.kr/2017/program/speaker/kstreee.html]
[archive.pycon.kr/2017/program/speaker/joongom.html]
[archive.pycon.kr/2017/program/speaker/luaviskang.html]
[archive.pycon.kr/2017/program/speaker/devunt.html]
[archive.pycon.kr/2017/program/speaker/hassanabidpk89.html]
[archive.pycon.kr/2017/program/speaker/swyoon.html]
[archive.pycon.kr/2017/program/speaker/leehongjoo.html]
[archive.pycon.kr/2017/program/speaker/search5.html]
[archive.pycon.kr/2017/program/speaker/haje01.html]
[archive.pycon.kr/2017/program/speaker/achimnol.html]
[archive.pycon.kr/2017/program/speaker/seoweonyoo.html]
[archive.pycon.kr/2017/program/speaker/seankkang.html]
[archive.pycon.kr/2017/program/speaker/bloodevil4.html]
[archive.pycon.kr/2017/program/speaker/kennethan.html]
[archive.pycon.kr/2017/program/speaker/daesung7kang.html]
[archive.pycon.kr/2017/program/speaker/hong18s.html]
[archive.pycon.kr/2017/program/speaker/me.html]
[archive.pycon.kr/2017/program/speaker/shaynekang.html]
[archive.pycon.kr/2017/program/speaker/ianyrchoi.html]
[archive.pycon.kr/2017/program/speaker/latheledusjp.html]
[archive.pycon.kr/2017/program/speaker/bestop79.html]
[archive.pycon.kr/2017/program/speaker/cochoa0x1.html]
[archive.pycon.kr/2017/program/speaker/dyanos.html]
[archive.pycon.kr/2017/program/speaker/taeheonkwon.html]
[archive.pycon.kr/2017/program/speaker/saintdragon2.html]
[archive.pycon.kr/2017/program/speaker/iamkanghyojun.html]
[archive.pycon.kr/2017/program/speaker/addnull.html]
[archive.pycon.kr/2017/program/speaker/maxtortime.html]
[archive.pycon.kr/2017/program/speaker/leonjwpark.html]
[archive.pycon.kr/2017/program/speaker/riabaldevia.html]
[archive.pycon.kr/2017/program/speaker/sungjoonchoi.html]
[archive.pycon.kr/program/schedule/index.html]
[archive.pycon.kr/program/list/index.html]
[archive.pycon.kr/program/keynote/index.html]
[archive.pycon.kr/program/speaker/index.html]
[archive.pycon.kr/program/tutorials/index.html]
[archive.pycon.kr/program/young_coder/index.html]
[archive.pycon.kr/program/child_care/index.html]
[archive.pycon.kr/program/lightning_talk/index.html]
[archive.pycon.kr/program/ost/index.html]
[archive.pycon.kr/2017/program/speaker/facebook.com/haje01/index.html]
[archive.pycon.kr/2017/program/speaker/isi.cho@gmail.com/index.html]
[archive.pycon.kr/2017/program/tutorial/1.html]
[archive.pycon.kr/2017/program/tutorial/5.html]
[archive.pycon.kr/2017/program/tutorial/8.html]
[archive.pycon.kr/2017/program/tutorial/2.html]
[archive.pycon.kr/2017/program/tutorial/7.html]
[archive.pycon.kr/2017/program/tutorial/11.html]
[archive.pycon.kr/2017/program/tutorial/6.html]
[archive.pycon.kr/2017/program/tutorial/12.html]
[archive.pycon.kr/2017/program/sprint/2.html]
[archive.pycon.kr/2017/program/sprint/1.html]
[archive.pycon.kr/2017/program/sprint/6.html]
[archive.pycon.kr/2017/program/sprint/7.html]
[archive.pycon.kr/2017/program/sprint/3.html]
[archive.pycon.kr/2017/program/sprint/5.html]
[archive.pycon.kr/2017/program/sprint/9.html]
[archive.pycon.kr/2017/program/sprint/8.html]
[archive.pycon.kr/venue/map/index.html]
[archive.pycon.kr/venue/transportation/index.html]
[archive.pycon.kr/cfp/howto.html]
[archive.pycon.kr/cfp/cfp/index.html]
[archive.pycon.kr/cfp/howto/index.html]
[archive.pycon.kr/registration/finacial-aid/index.html]
[archive.pycon.kr/registration/information/index.html]
[archive.pycon.kr/registration/purchase/index.html]
[archive.pycon.kr/finacial-aid/index.html]
[archive.pycon.kr/2017/en/about/pyconkr/index.html]
[archive.pycon.kr/2017/en/about/coc/index.html]
[archive.pycon.kr/2017/en/about/blog/index.html]
[archive.pycon.kr/2017/media/speaker/sj.jpg]
[archive.pycon.kr/2017/en/about/announcement/10.html]
[archive.pycon.kr/2017/en/about/announcement/9.html]
[archive.pycon.kr/2017/en/about/announcement/8.html]
[archive.pycon.kr/2017/en/about/announcement/7.html]
[archive.pycon.kr/2017/en/about/announcement/6.html]
[archive.pycon.kr/2017/en/about/announcement/5.html]
[archive.pycon.kr/2017/en/about/announcement/4.html]
[archive.pycon.kr/2017/en/about/announcement/3.html]
[archive.pycon.kr/2017/en/about/announcements/index.html]
[archive.pycon.kr/2017/en/about/sponsor/index.html]
[archive.pycon.kr/2017/en/about/patron/index.html]
[archive.pycon.kr/2017/en/about/sponsorship/index.html]
[archive.pycon.kr/2017/en/about/staff/index.html]
[archive.pycon.kr/2017/en/about/contact/index.html]
[archive.pycon.kr/2017/en/about/announcement/2.html]
[archive.pycon.kr/2017/en/program/186.html]
[archive.pycon.kr/2017/en/program/187.html]
[archive.pycon.kr/2017/en/program/188.html]
[archive.pycon.kr/2017/en/program/189.html]
[archive.pycon.kr/2017/en/program/190.html]
[archive.pycon.kr/2017/en/program/191.html]
[archive.pycon.kr/2017/en/program/127.html]
[archive.pycon.kr/2017/en/program/135.html]
[archive.pycon.kr/2017/en/program/183.html]
[archive.pycon.kr/2017/en/program/172.html]
[archive.pycon.kr/2017/en/program/182.html]
[archive.pycon.kr/2017/en/program/139.html]
[archive.pycon.kr/2017/en/program/192.html]
[archive.pycon.kr/2017/en/program/128.html]
[archive.pycon.kr/2017/en/program/141.html]
[archive.pycon.kr/2017/en/program/132.html]
[archive.pycon.kr/2017/en/program/211.html]
[archive.pycon.kr/2017/en/program/136.html]
[archive.pycon.kr/2017/en/program/176.html]
[archive.pycon.kr/2017/en/program/193.html]
[archive.pycon.kr/2017/en/program/147.html]
[archive.pycon.kr/2017/en/program/130.html]
[archive.pycon.kr/2017/en/program/167.html]
[archive.pycon.kr/2017/en/program/161.html]
[archive.pycon.kr/2017/en/program/175.html]
[archive.pycon.kr/2017/en/program/145.html]
[archive.pycon.kr/2017/en/program/153.html]
[archive.pycon.kr/2017/en/program/195.html]
[archive.pycon.kr/2017/en/program/194.html]
[archive.pycon.kr/2017/en/program/134.html]
[archive.pycon.kr/2017/en/program/155.html]
[archive.pycon.kr/2017/en/program/213.html]
[archive.pycon.kr/2017/en/program/162.html]
[archive.pycon.kr/2017/en/program/215.html]
[archive.pycon.kr/2017/en/program/160.html]
[archive.pycon.kr/2017/en/program/196.html]
[archive.pycon.kr/2017/en/program/198.html]
[archive.pycon.kr/2017/en/program/197.html]
[archive.pycon.kr/2017/en/program/199.html]
[archive.pycon.kr/2017/en/program/200.html]
[archive.pycon.kr/2017/en/program/158.html]
[archive.pycon.kr/2017/en/program/138.html]
[archive.pycon.kr/2017/en/program/131.html]
[archive.pycon.kr/2017/en/program/209.html]
[archive.pycon.kr/2017/en/program/137.html]
[archive.pycon.kr/2017/en/program/201.html]
[archive.pycon.kr/2017/en/program/144.html]
[archive.pycon.kr/2017/en/program/163.html]
[archive.pycon.kr/2017/en/program/179.html]
[archive.pycon.kr/2017/en/program/156.html]
[archive.pycon.kr/2017/en/program/174.html]
[archive.pycon.kr/2017/en/program/212.html]
[archive.pycon.kr/2017/en/program/202.html]
[archive.pycon.kr/2017/en/program/184.html]
[archive.pycon.kr/2017/en/program/154.html]
[archive.pycon.kr/2017/en/program/159.html]
[archive.pycon.kr/2017/en/program/140.html]
[archive.pycon.kr/2017/en/program/169.html]
[archive.pycon.kr/2017/en/program/203.html]
[archive.pycon.kr/2017/en/program/171.html]
[archive.pycon.kr/2017/en/program/165.html]
[archive.pycon.kr/2017/en/program/133.html]
[archive.pycon.kr/2017/en/program/143.html]
[archive.pycon.kr/2017/en/program/149.html]
[archive.pycon.kr/2017/en/program/216.html]
[archive.pycon.kr/2017/en/program/204.html]
[archive.pycon.kr/2017/en/program/166.html]
[archive.pycon.kr/2017/en/program/181.html]
[archive.pycon.kr/2017/en/program/177.html]
[archive.pycon.kr/2017/en/program/214.html]
[archive.pycon.kr/2017/en/program/210.html]
[archive.pycon.kr/2017/en/program/205.html]
[archive.pycon.kr/2017/en/program/146.html]
[archive.pycon.kr/2017/en/program/150.html]
[archive.pycon.kr/2017/en/program/151.html]
[archive.pycon.kr/2017/en/program/2.html]
[archive.pycon.kr/2017/en/program/152.html]
[archive.pycon.kr/2017/en/program/142.html]
[archive.pycon.kr/2017/en/program/206.html]
[archive.pycon.kr/2017/en/program/207.html]
[archive.pycon.kr/2017/en/program/208.html]
[archive.pycon.kr/2017/en/program/speaker/tebica.html]
[archive.pycon.kr/2017/en/program/speaker/hongminhee.html]
[archive.pycon.kr/2017/en/program/speaker/lqez.html]
[archive.pycon.kr/2017/en/program/speaker/leehosung.html]
[archive.pycon.kr/2017/en/program/speaker/han.html]
[archive.pycon.kr/2017/en/program/speaker/hahafree12.html]
[archive.pycon.kr/2017/en/program/speaker/soylovit.html]
[archive.pycon.kr/2017/en/program/speaker/yoonjs2.html]
[archive.pycon.kr/2017/en/program/speaker/perhapsspy.html]
[archive.pycon.kr/2017/en/program/speaker/ukysung.html]
[archive.pycon.kr/2017/en/program/speaker/etoilefille.html]
[archive.pycon.kr/2017/en/program/speaker/adrysn.html]
[archive.pycon.kr/2017/en/program/speaker/pagaia.html]
[archive.pycon.kr/2017/en/program/speaker/justinlabry.html]
[archive.pycon.kr/2017/en/program/speaker/k239507.html]
[archive.pycon.kr/2017/en/program/speaker/bbayoung7849.html]
[archive.pycon.kr/2017/en/program/speaker/oraora82.html]
[archive.pycon.kr/2017/en/program/speaker/inureyes.html]
[archive.pycon.kr/2017/en/program/speaker/sl.html]
[archive.pycon.kr/2017/en/program/speaker/isicho.html]
[archive.pycon.kr/2017/en/program/speaker/bluese05.html]
[archive.pycon.kr/2017/en/program/speaker/darjeeling.html]
[archive.pycon.kr/2017/en/program/speaker/manojpandey1996.html]
[archive.pycon.kr/2017/en/program/speaker/zuneseo.html]
[archive.pycon.kr/2017/en/program/speaker/younggunkim.html]
[archive.pycon.kr/2017/en/program/speaker/jangseapark.html]
[archive.pycon.kr/2017/en/program/speaker/mjpark03.html]
[archive.pycon.kr/2017/en/program/speaker/druidcho.html]
[archive.pycon.kr/2017/en/program/speaker/yeongseonchoe.html]
[archive.pycon.kr/2017/en/program/speaker/kstreee.html]
[archive.pycon.kr/2017/en/program/speaker/joongom.html]
[archive.pycon.kr/2017/en/program/speaker/luaviskang.html]
[archive.pycon.kr/2017/en/program/speaker/devunt.html]
[archive.pycon.kr/2017/en/program/speaker/hassanabidpk89.html]
[archive.pycon.kr/2017/en/program/speaker/swyoon.html]
[archive.pycon.kr/2017/en/program/speaker/leehongjoo.html]
[archive.pycon.kr/2017/en/program/speaker/search5.html]
[archive.pycon.kr/2017/en/program/speaker/haje01.html]
[archive.pycon.kr/2017/en/program/speaker/achimnol.html]
[archive.pycon.kr/2017/en/program/speaker/seoweonyoo.html]
[archive.pycon.kr/2017/en/program/speaker/seankkang.html]
[archive.pycon.kr/2017/en/program/speaker/bloodevil4.html]
[archive.pycon.kr/2017/en/program/speaker/kennethan.html]
[archive.pycon.kr/2017/en/program/speaker/daesung7kang.html]
[archive.pycon.kr/2017/en/program/speaker/hong18s.html]
[archive.pycon.kr/2017/en/program/speaker/me.html]
[archive.pycon.kr/2017/en/program/speaker/shaynekang.html]
[archive.pycon.kr/2017/en/program/speaker/ianyrchoi.html]
[archive.pycon.kr/2017/en/program/speaker/latheledusjp.html]
[archive.pycon.kr/2017/en/program/speaker/bestop79.html]
[archive.pycon.kr/2017/en/program/speaker/cochoa0x1.html]
[archive.pycon.kr/2017/en/program/speaker/dyanos.html]
[archive.pycon.kr/2017/en/program/speaker/taeheonkwon.html]
[archive.pycon.kr/2017/en/program/speaker/saintdragon2.html]
[archive.pycon.kr/2017/en/program/speaker/iamkanghyojun.html]
[archive.pycon.kr/2017/en/program/speaker/addnull.html]
[archive.pycon.kr/2017/en/program/speaker/maxtortime.html]
[archive.pycon.kr/2017/en/program/speaker/leonjwpark.html]
[archive.pycon.kr/2017/en/program/speaker/riabaldevia.html]
[archive.pycon.kr/2017/en/program/schedule/index.html]
[archive.pycon.kr/2017/en/program/list/index.html]
[archive.pycon.kr/2017/en/program/keynote/index.html]
[archive.pycon.kr/2017/en/program/speaker/sungjoonchoi.html]
[archive.pycon.kr/2017/en/program/speaker/index.html]
[archive.pycon.kr/2017/en/program/tutorial/1.html]
[archive.pycon.kr/2017/en/program/tutorial/5.html]
[archive.pycon.kr/2017/en/program/tutorial/8.html]
[archive.pycon.kr/2017/en/program/tutorial/2.html]
[archive.pycon.kr/2017/en/program/tutorial/7.html]
[archive.pycon.kr/2017/en/program/tutorial/11.html]
[archive.pycon.kr/2017/en/program/tutorial/6.html]
[archive.pycon.kr/2017/en/program/tutorial/12.html]
[archive.pycon.kr/2017/en/program/sprint/2.html]
[archive.pycon.kr/2017/en/program/sprint/1.html]
[archive.pycon.kr/2017/en/program/sprint/6.html]
[archive.pycon.kr/2017/en/program/sprint/7.html]
[archive.pycon.kr/2017/en/program/sprint/3.html]
[archive.pycon.kr/2017/en/program/sprint/5.html]
[archive.pycon.kr/2017/en/program/sprint/9.html]
[archive.pycon.kr/2017/en/program/tutorials/index.html]
[archive.pycon.kr/2017/en/program/young_coder/index.html]
[archive.pycon.kr/2017/en/program/child_care/index.html]
[archive.pycon.kr/2017/en/program/lightning_talk/index.html]
[archive.pycon.kr/2017/en/program/ost/index.html]
[archive.pycon.kr/2017/en/program/sprint/8.html]
[archive.pycon.kr_443/2017/media/django-summernote/2017-05-15/596b66fe-0a16-4982-becf-b6b67b72c3e1.png]
[archive.pycon.kr/2017/en/venue/map/index.html]
[archive.pycon.kr/2017/en/venue/transportation/index.html]
[archive.pycon.kr/2017/en/cfp/cfp/index.html]
[archive.pycon.kr/2017/en/cfp/howto/index.html]
[archive.pycon.kr/2017/en/registration/information/index.html]
[archive.pycon.kr/2017/en/registration/purchase/index.html]
[archive.pycon.kr/2017/en/registration/finacial-aid/index.html]
[archive.pycon.kr/2017/en/login/index.html]
[archive.pycon.kr/en/cfp/cfp/index.html]
[archive.pycon.kr/2017/en/about/sponsor/psf.html]
[archive.pycon.kr/2017/en/about/sponsor/asan.html]
[archive.pycon.kr/2017/en/about/sponsor/whatap.html]
[archive.pycon.kr/2017/en/about/sponsor/lezhin.html]
[archive.pycon.kr/2017/en/about/sponsor/smartstudy.html]
[archive.pycon.kr/2017/en/about/sponsor/ifunfactory.html]
[archive.pycon.kr/2017/en/about/sponsor/elastic.html]
[archive.pycon.kr/2017/en/about/sponsor/buzzvil.html]
[archive.pycon.kr/2017/en/about/sponsor/codigm.html]
[archive.pycon.kr/2017/en/about/sponsor/jetbrains.html]
[archive.pycon.kr/2017/en/about/sponsor/nhnent.html]
[archive.pycon.kr/2017/en/about/sponsor/line.html]
[archive.pycon.kr/2017/en/about/sponsor/coupang.html]
[archive.pycon.kr/2017/en/about/sponsor/lablup.html]
[archive.pycon.kr/2017/en/about/sponsor/intake.html]
[archive.pycon.kr/2017/en/about/sponsor/ab180.html]
[archive.pycon.kr/2017/en/about/sponsor/ibm.html]
[archive.pycon.kr/2017/en/about/sponsor/skplanet.html]
[archive.pycon.kr/2017/en/about/sponsor/haezoom.html]
[archive.pycon.kr/2017/en/about/sponsor/peoplefund.html]
[archive.pycon.kr/2017/en/about/announcement/10.html]
[archive.pycon.kr/2017/en/about/announcement/9.html]
[archive.pycon.kr/2017/en/about/announcement/8.html]
[archive.pycon.kr/2017/en/about/announcement/7.html]
[archive.pycon.kr/2017/en/about/announcement/6.html]
[archive.pycon.kr/2017/en/about/announcement/5.html]
[archive.pycon.kr/2017/en/about/announcement/4.html]
[archive.pycon.kr/2017/en/about/announcement/3.html]
[archive.pycon.kr/2017/en/about/announcement/2.html]
[archive.pycon.kr/2017/en/program/186.html]
[archive.pycon.kr/2017/en/program/187.html]
[archive.pycon.kr/2017/en/program/188.html]
[archive.pycon.kr/2017/en/program/189.html]
[archive.pycon.kr/2017/en/program/190.html]
[archive.pycon.kr/2017/en/program/191.html]
[archive.pycon.kr/2017/en/program/127.html]
[archive.pycon.kr/2017/en/program/135.html]
[archive.pycon.kr/2017/en/program/183.html]
[archive.pycon.kr/2017/en/program/172.html]
[archive.pycon.kr/2017/en/program/182.html]
[archive.pycon.kr/2017/en/program/139.html]
[archive.pycon.kr/2017/en/program/192.html]
[archive.pycon.kr/2017/en/program/128.html]
[archive.pycon.kr/2017/en/program/141.html]
[archive.pycon.kr/2017/en/program/132.html]
[archive.pycon.kr/2017/en/program/211.html]
[archive.pycon.kr/2017/en/program/136.html]
[archive.pycon.kr/2017/en/program/176.html]
[archive.pycon.kr/2017/en/program/193.html]
[archive.pycon.kr/2017/en/program/147.html]
[archive.pycon.kr/2017/en/program/130.html]
[archive.pycon.kr/2017/en/program/167.html]
[archive.pycon.kr/2017/en/program/161.html]
[archive.pycon.kr/2017/en/program/175.html]
[archive.pycon.kr/2017/en/program/145.html]
[archive.pycon.kr/2017/en/program/153.html]
[archive.pycon.kr/2017/en/program/195.html]
[archive.pycon.kr/2017/en/program/194.html]
[archive.pycon.kr/2017/en/program/134.html]
[archive.pycon.kr/2017/en/program/155.html]
[archive.pycon.kr/2017/en/program/213.html]
[archive.pycon.kr/2017/en/program/162.html]
[archive.pycon.kr/2017/en/program/215.html]
[archive.pycon.kr/2017/en/program/160.html]
[archive.pycon.kr/2017/en/program/196.html]
[archive.pycon.kr/2017/en/program/198.html]
[archive.pycon.kr/2017/en/program/197.html]
[archive.pycon.kr/2017/en/program/199.html]
[archive.pycon.kr/2017/en/program/200.html]
[archive.pycon.kr/2017/en/program/158.html]
[archive.pycon.kr/2017/en/program/138.html]
[archive.pycon.kr/2017/en/program/131.html]
[archive.pycon.kr/2017/en/program/209.html]
[archive.pycon.kr/2017/en/program/137.html]
[archive.pycon.kr/2017/en/program/201.html]
[archive.pycon.kr/2017/en/program/144.html]
[archive.pycon.kr/2017/en/program/163.html]
[archive.pycon.kr/2017/en/program/179.html]
[archive.pycon.kr/2017/en/program/156.html]
[archive.pycon.kr/2017/en/program/174.html]
[archive.pycon.kr/2017/en/program/212.html]
[archive.pycon.kr/2017/en/program/202.html]
[archive.pycon.kr/2017/en/program/184.html]
[archive.pycon.kr/2017/en/program/154.html]
[archive.pycon.kr/2017/en/program/159.html]
[archive.pycon.kr/2017/en/program/140.html]
[archive.pycon.kr/2017/en/program/169.html]
[archive.pycon.kr/2017/en/program/203.html]
[archive.pycon.kr/2017/en/program/171.html]
[archive.pycon.kr/2017/en/program/165.html]
[archive.pycon.kr/2017/en/program/133.html]
[archive.pycon.kr/2017/en/program/143.html]
[archive.pycon.kr/2017/en/program/149.html]
[archive.pycon.kr/2017/en/program/216.html]
[archive.pycon.kr/2017/en/program/204.html]
[archive.pycon.kr/2017/en/program/166.html]
[archive.pycon.kr/2017/en/program/181.html]
[archive.pycon.kr/2017/en/program/177.html]
[archive.pycon.kr/2017/en/program/214.html]
[archive.pycon.kr/2017/en/program/210.html]
[archive.pycon.kr/2017/en/program/205.html]
[archive.pycon.kr/2017/en/program/146.html]
[archive.pycon.kr/2017/en/program/150.html]
[archive.pycon.kr/2017/en/program/151.html]
[archive.pycon.kr/2017/en/program/2.html]
[archive.pycon.kr/2017/en/program/152.html]
[archive.pycon.kr/2017/en/program/142.html]
[archive.pycon.kr/2017/en/program/206.html]
[archive.pycon.kr/2017/en/program/207.html]
[archive.pycon.kr/2017/en/program/208.html]
[archive.pycon.kr/2017/en/program/speaker/tebica.html]
[archive.pycon.kr/2017/en/program/speaker/hongminhee.html]
[archive.pycon.kr/2017/en/program/speaker/lqez.html]
[archive.pycon.kr/2017/en/program/speaker/leehosung.html]
[archive.pycon.kr/2017/en/program/speaker/han.html]
[archive.pycon.kr/2017/en/program/speaker/hahafree12.html]
[archive.pycon.kr/2017/en/program/speaker/soylovit.html]
[archive.pycon.kr/2017/en/program/speaker/yoonjs2.html]
[archive.pycon.kr/2017/en/program/speaker/perhapsspy.html]
[archive.pycon.kr/2017/en/program/speaker/ukysung.html]
[archive.pycon.kr/2017/en/program/speaker/etoilefille.html]
[archive.pycon.kr/2017/en/program/speaker/adrysn.html]
[archive.pycon.kr/2017/en/program/speaker/pagaia.html]
[archive.pycon.kr/2017/en/program/speaker/justinlabry.html]
[archive.pycon.kr/2017/en/program/speaker/k239507.html]
[archive.pycon.kr/2017/en/program/speaker/bbayoung7849.html]
[archive.pycon.kr/2017/en/program/speaker/oraora82.html]
[archive.pycon.kr/2017/en/program/speaker/inureyes.html]
[archive.pycon.kr/2017/en/program/speaker/sl.html]
[archive.pycon.kr/2017/en/program/speaker/isicho.html]
[archive.pycon.kr/2017/en/program/speaker/bluese05.html]
[archive.pycon.kr/2017/en/program/speaker/darjeeling.html]
[archive.pycon.kr/2017/en/program/speaker/manojpandey1996.html]
[archive.pycon.kr/2017/en/program/speaker/zuneseo.html]
[archive.pycon.kr/2017/en/program/speaker/younggunkim.html]
[archive.pycon.kr/2017/en/program/speaker/jangseapark.html]
[archive.pycon.kr/2017/en/program/speaker/mjpark03.html]
[archive.pycon.kr/2017/en/program/speaker/druidcho.html]
[archive.pycon.kr/2017/en/program/speaker/yeongseonchoe.html]
[archive.pycon.kr/2017/en/program/speaker/kstreee.html]
[archive.pycon.kr/2017/en/program/speaker/joongom.html]
[archive.pycon.kr/2017/en/program/speaker/luaviskang.html]
[archive.pycon.kr/2017/en/program/speaker/devunt.html]
[archive.pycon.kr/2017/en/program/speaker/hassanabidpk89.html]
[archive.pycon.kr/2017/en/program/speaker/swyoon.html]
[archive.pycon.kr/2017/en/program/speaker/leehongjoo.html]
[archive.pycon.kr/2017/en/program/speaker/search5.html]
[archive.pycon.kr/2017/en/program/speaker/haje01.html]
[archive.pycon.kr/2017/en/program/speaker/achimnol.html]
[archive.pycon.kr/2017/en/program/speaker/seoweonyoo.html]
[archive.pycon.kr/2017/en/program/speaker/seankkang.html]
[archive.pycon.kr/2017/en/program/speaker/bloodevil4.html]
[archive.pycon.kr/2017/en/program/speaker/kennethan.html]
[archive.pycon.kr/2017/en/program/speaker/daesung7kang.html]
[archive.pycon.kr/2017/en/program/speaker/hong18s.html]
[archive.pycon.kr/2017/en/program/speaker/me.html]
[archive.pycon.kr/2017/en/program/speaker/shaynekang.html]
[archive.pycon.kr/2017/en/program/speaker/ianyrchoi.html]
[archive.pycon.kr/2017/en/program/speaker/latheledusjp.html]
[archive.pycon.kr/2017/en/program/speaker/bestop79.html]
[archive.pycon.kr/2017/en/program/speaker/cochoa0x1.html]
[archive.pycon.kr/2017/en/program/speaker/dyanos.html]
[archive.pycon.kr/2017/en/program/speaker/taeheonkwon.html]
[archive.pycon.kr/2017/en/program/speaker/saintdragon2.html]
[archive.pycon.kr/2017/en/program/speaker/iamkanghyojun.html]
[archive.pycon.kr/2017/en/program/speaker/addnull.html]
[archive.pycon.kr/2017/en/program/speaker/maxtortime.html]
[archive.pycon.kr/2017/en/program/speaker/leonjwpark.html]
[archive.pycon.kr/2017/en/program/speaker/riabaldevia.html]
[archive.pycon.kr/2017/en/program/speaker/sungjoonchoi.html]
[archive.pycon.kr/2017/en/program/speaker/isi.cho@gmail.com/index.html]
[archive.pycon.kr/2017/en/program/speaker/facebook.com/haje01/index.html]
[archive.pycon.kr/2017/en/program/tutorial/1.html]
[archive.pycon.kr/2017/en/program/tutorial/5.html]
[archive.pycon.kr/2017/en/program/tutorial/8.html]
[archive.pycon.kr/2017/en/program/tutorial/2.html]
[archive.pycon.kr/2017/en/program/tutorial/7.html]
[archive.pycon.kr/2017/en/program/tutorial/11.html]
[archive.pycon.kr/2017/en/program/tutorial/6.html]
[archive.pycon.kr/2017/en/program/tutorial/12.html]
[archive.pycon.kr/2017/en/program/sprint/2.html]
[archive.pycon.kr/2017/en/program/sprint/1.html]
[archive.pycon.kr/2017/en/program/sprint/6.html]
[archive.pycon.kr/2017/en/program/sprint/7.html]
[archive.pycon.kr/2017/en/program/sprint/3.html]
[archive.pycon.kr/2017/en/program/sprint/5.html]
[archive.pycon.kr/2017/en/program/sprint/9.html]
[archive.pycon.kr/2017/en/program/sprint/8.html]
[archive.pycon.kr_443/2017/media/django-summernote/2017-05-15/4637281b-94f3-4f39-bcdf-bf7663598c6c.png]
