[archive.pycon.kr/2014/index.html]
[backblue.gif]
[fade.gif]
[index.html]
[archive.pycon.kr/2014/static/components/bootstrap/dist/css/bootstrap.min.css]
[archive.pycon.kr/2014/2014/static/image/pyconkr-badge.png/index.html]
[archive.pycon.kr/2014/static/components/bootstrap-social/bootstrap-social.css]
[archive.pycon.kr/2014/static/components/font-awesome/css/font-awesome.min.css]
[archive.pycon.kr/2014/static/css/pyconkr.css]
[archive.pycon.kr/2014/static/image/favicon.ico]
[archive.pycon.kr/2014/static/components/jquery/jquery.min.js]
[archive.pycon.kr/2014/static/components/html5shiv/dist/html5shiv.min.js]
[archive.pycon.kr/2014/static/components/bootstrap/dist/js/bootstrap.min.js]
[archive.pycon.kr/2014/static/image/pyconkr-logo-small.png]
[archive.pycon.kr/2014/about/pyconkr/index.html]
[archive.pycon.kr/2014/about/coc/index.html]
[archive.pycon.kr/2014/about/detail/index.html]
[archive.pycon.kr/2014/about/announcements/index.html]
[archive.pycon.kr/2014/about/sponsors/index.html]
[archive.pycon.kr/2014/about/staff/index.html]
[archive.pycon.kr/2014/programs/cfp/index.html]
[archive.pycon.kr/2014/programs/schedule/index.html]
[archive.pycon.kr/2014/static/image/pyconkr-logo-large.png]
[archive.pycon.kr/2014/programs/list/index.html]
[apis.google.com/js/plusone.js]
[archive.pycon.kr/2014/programs/speakers/index.html]
[archive.pycon.kr/2014/static/image/bg-building.png]
[archive.pycon.kr/2014/programs/jobfair/index.html]
[archive.pycon.kr/2014/static/image/bg-mountain.png]
[archive.pycon.kr/2014/static/image/bg-ntower.png]
[archive.pycon.kr/2014/static/image/bg-tower.png]
[archive.pycon.kr/2014/programs/bof/index.html]
[archive.pycon.kr/2014/about/announcement/5.html]
[archive.pycon.kr/2014/about/announcement/4.html]
[archive.pycon.kr/2014/about/announcement/3.html]
[archive.pycon.kr/2014/about/sponsor/google.html]
[archive.pycon.kr/2014/registration/index.html]
[archive.pycon.kr/2014/media/sponsor/sponsor-google.png]
[archive.pycon.kr/2014/about/sponsor/nipa.html]
[archive.pycon.kr/2014/media/sponsor/sponsor-nipa.png]
[archive.pycon.kr/2014/about/sponsor/opentechnet.html]
[archive.pycon.kr/2014/media/sponsor/sponsor-opentechnet.png]
[archive.pycon.kr/2014/venue/index.html]
[archive.pycon.kr/2014/about/sponsor/naverd2.html]
[archive.pycon.kr/2014/media/sponsor/sponsor-naverd2.png]
[archive.pycon.kr/2014/about/sponsor/github.html]
[archive.pycon.kr/2014/media/sponsor/sponsor-github.png]
[archive.pycon.kr/2014/contact/index.html]
[archive.pycon.kr/2014/about/sponsor/smartstudy.html]
[archive.pycon.kr/2014/media/sponsor/sponsor-smartstudy.png]
[archive.pycon.kr/2014/about/sponsor/yogiyo.html]
[archive.pycon.kr/2014/media/sponsor/sponsor-yogiyo.png]
[archive.pycon.kr/2014/login/index.html]
[archive.pycon.kr/2014/about/sponsor/insilicogen.html]
[archive.pycon.kr/2014/media/sponsor/sponsor-insilicogen.png]
[archive.pycon.kr/2014/about/sponsor/hanbit.html]
[archive.pycon.kr/2014/media/sponsor/sponsor-hanbit.png]
[archive.pycon.kr/2014/about/sponsor/insight.html]
[archive.pycon.kr/2014/media/sponsor/sponsor-insight.png]
[archive.pycon.kr/2014/about/sponsor/olc.html]
[archive.pycon.kr/2014/media/sponsor/sponsor-olc.png]
[archive.pycon.kr/2014/static/image/pyconkr-badge.png]
[www.google-analytics.com/analytics.js]
[connect.facebook.net/en_US/all.js]
[archive.pycon.kr/2014/index.html]
[archive.pycon.kr/2014/2014/static/image/pyconkr-badge.png/index.html]
[archive.pycon.kr/2014/2014/index.html]
[archive.pycon.kr/2014/static/components/bootstrap/dist/fonts/glyphicons-halflings-regular.eot]
[archive.pycon.kr/2014/static/components/bootstrap/dist/fonts/glyphicons-halflings-regulard41d.eot]
[archive.pycon.kr/2014/static/components/bootstrap/dist/fonts/glyphicons-halflings-regular.woff]
[archive.pycon.kr/2014/static/components/bootstrap/dist/fonts/glyphicons-halflings-regular.ttf]
[archive.pycon.kr/2014/static/components/bootstrap/dist/css/bootstrap.min.css]
[archive.pycon.kr/2014/static/components/bootstrap-social/bootstrap-social.css]
[archive.pycon.kr/2014/static/components/bootstrap/dist/fonts/glyphicons-halflings-regular.svg]
[archive.pycon.kr/2014/static/components/font-awesome/fonts/fontawesome-webfont862f.eot]
[archive.pycon.kr/2014/static/components/font-awesome/fonts/fontawesome-webfontd41d.eot]
[archive.pycon.kr/2014/static/components/font-awesome/fonts/fontawesome-webfont862f.woff]
[archive.pycon.kr/2014/static/components/font-awesome/fonts/fontawesome-webfont862f.ttf]
[archive.pycon.kr/2014/static/components/font-awesome/css/font-awesome.min.css]
[archive.pycon.kr/2014/static/components/font-awesome/fonts/fontawesome-webfont862f.svg]
[archive.pycon.kr/2014/static/css/pyconkr.css]
[archive.pycon.kr/2014/static/css/pyconkr-media.css]
[fonts.googleapis.com/earlyaccess/nanumgothic.css]
[archive.pycon.kr/2014/static/image/python-black.png]
[archive.pycon.kr/2014/about/pyconkr/index.html]
[archive.pycon.kr/2014/about/coc/index.html]
[archive.pycon.kr/2014/about/detail/index.html]
[archive.pycon.kr/2014/static/image/bg-building-tiny.png]
[archive.pycon.kr/2014/about/announcement/2.html]
[archive.pycon.kr/2014/about/announcements/index.html]
[archive.pycon.kr/2014/about/sponsors/index.html]
[archive.pycon.kr/2014/about/staff/index.html]
[archive.pycon.kr/2014/programs/cfp/index.html]
[archive.pycon.kr/2014/about/announcement/1.html]
[archive.pycon.kr/2014/program/21.html]
[archive.pycon.kr/2014/program/20.html]
[archive.pycon.kr/2014/program/14.html]
[archive.pycon.kr/2014/program/5.html]
[archive.pycon.kr/2014/program/16.html]
[archive.pycon.kr/2014/program/3.html]
[archive.pycon.kr/2014/program/9.html]
[archive.pycon.kr/2014/program/12.html]
[archive.pycon.kr/2014/program/4.html]
[archive.pycon.kr/2014/program/13.html]
[archive.pycon.kr/2014/program/11.html]
[archive.pycon.kr/2014/program/27.html]
[archive.pycon.kr/2014/program/10.html]
[archive.pycon.kr/2014/program/1.html]
[archive.pycon.kr/2014/program/7.html]
[archive.pycon.kr/2014/program/2.html]
[archive.pycon.kr/2014/program/15.html]
[archive.pycon.kr/2014/program/6.html]
[archive.pycon.kr/2014/program/25.html]
[archive.pycon.kr/2014/program/8.html]
[archive.pycon.kr/2014/program/22.html]
[archive.pycon.kr/2014/program/23.html]
[archive.pycon.kr/2014/program/24.html]
[archive.pycon.kr/2014/programs/speaker/perky.html]
[archive.pycon.kr/2014/media/speaker/perky.jpg]
[archive.pycon.kr/2014/programs/speaker/haje01.html]
[archive.pycon.kr/2014/media/speaker/haje01.png]
[archive.pycon.kr/2014/programs/speaker/sgonv.html]
[archive.pycon.kr/2014/media/speaker/sgonv.jpg]
[archive.pycon.kr/2014/programs/speaker/charleskim.html]
[archive.pycon.kr/2014/media/speaker/charleskim.jpg]
[archive.pycon.kr/2014/programs/speaker/kkung.html]
[archive.pycon.kr/2014/media/speaker/kkung.jpg]
[archive.pycon.kr/2014/programs/speaker/yong27.html]
[archive.pycon.kr/2014/media/speaker/yong27.jpg]
[archive.pycon.kr/2014/programs/speaker/sigmadream.html]
[archive.pycon.kr/2014/media/speaker/sigmadream.jpg]
[archive.pycon.kr/2014/programs/speaker/devunt.html]
[archive.pycon.kr/2014/media/speaker/devunt.jpg]
[archive.pycon.kr/2014/programs/speaker/ryusuke_kajiyama.html]
[archive.pycon.kr/2014/static/image/anonymous.png]
[archive.pycon.kr/2014/programs/speaker/kdog.html]
[archive.pycon.kr/2014/media/speaker/oraora82.jpg]
[archive.pycon.kr/2014/programs/speaker/lucypark.html]
[archive.pycon.kr/2014/media/speaker/lucypark.jpg]
[archive.pycon.kr/2014/programs/speaker/seungjin.html]
[archive.pycon.kr/2014/media/speaker/seungjin.jpg]
[archive.pycon.kr/2014/programs/speaker/kyunghoon.html]
[archive.pycon.kr/2014/media/speaker/kyunghoon.jpg]
[archive.pycon.kr/2014/programs/speaker/jongman.html]
[archive.pycon.kr/2014/media/speaker/jongman.jpg]
[archive.pycon.kr/2014/programs/speaker/kang.html]
[archive.pycon.kr/2014/media/speaker/kang.jpg]
[archive.pycon.kr/2014/programs/speaker/seojiwon.html]
[archive.pycon.kr/2014/programs/speaker/hongminhee.html]
[archive.pycon.kr/2014/media/speaker/hongminhee.jpg]
[archive.pycon.kr/2014/programs/speaker/plusjune.html]
[archive.pycon.kr/2014/programs/schedule/index.html]
[archive.pycon.kr/2014/media/speaker/plusjune.jpg]
[archive.pycon.kr/2014/program/18.html]
[archive.pycon.kr/2014/program/19.html]
[archive.pycon.kr/2014/program/26.html]
[archive.pycon.kr/2014/programs/list/index.html]
[archive.pycon.kr/2014/program/28.html]
[archive.pycon.kr/2014/programs/speaker/daesung_kang.html]
[archive.pycon.kr/2014/media/speaker/daesung_kang.jpg]
[archive.pycon.kr/2014/programs/speaker/kakung_kim.html]
[archive.pycon.kr/2014/media/speaker/kakung_kim.jpg]
[archive.pycon.kr/2014/programs/speaker/lqez.html]
[archive.pycon.kr/2014/media/speaker/lqez.jpg]
[archive.pycon.kr/2014/programs/speaker/darjeeling.html]
[archive.pycon.kr/2014/programs/speakers/index.html]
[archive.pycon.kr/2014/programs/jobfair/index.html]
[archive.pycon.kr/2014/programs/bof/index.html]
[archive.pycon.kr/2014/registration/index.html]
[archive.pycon.kr/2014/venue/index.html]
[archive.pycon.kr/2014/contact/index.html]
[archive.pycon.kr/2014/login/index.html]
[archive.pycon.kr/2014/lang/ko/index.html]
[archive.pycon.kr/2014/lang/en/index.html]
[archive.pycon.kr/courtesy/geunjung-jun/index.html]
[archive.pycon.kr/2014/media/speaker/daejeeling.jpg]
[archive.pycon.kr/2014/about/announcement/5.html]
[archive.pycon.kr/2014/2014/about/announcement/5/index.html]
[archive.pycon.kr/2014/about/announcement/4.html]
[archive.pycon.kr/2014/2014/about/announcement/4/index.html]
[archive.pycon.kr/2014/about/announcement/3.html]
[archive.pycon.kr/2014/2014/about/announcement/3/index.html]
[archive.pycon.kr/2014/about/sponsor/google.html]
[archive.pycon.kr/2014/2014/about/sponsor/google/index.html]
[archive.pycon.kr/2014/about/sponsor/nipa.html]
[archive.pycon.kr/2014/2014/about/sponsor/nipa/index.html]
[archive.pycon.kr/2014/about/sponsor/opentechnet.html]
[archive.pycon.kr/2014/2014/about/sponsor/opentechnet/index.html]
[archive.pycon.kr/2014/about/sponsor/naverd2.html]
[archive.pycon.kr/2014/2014/about/sponsor/naverd2/index.html]
[archive.pycon.kr/2014/about/sponsor/github.html]
[archive.pycon.kr/2014/2014/about/sponsor/github/index.html]
[archive.pycon.kr/2014/about/sponsor/smartstudy.html]
[archive.pycon.kr/2014/2014/about/sponsor/smartstudy/index.html]
[archive.pycon.kr/2014/about/sponsor/yogiyo.html]
[archive.pycon.kr/2014/2014/about/sponsor/yogiyo/index.html]
[archive.pycon.kr/2014/about/sponsor/insilicogen.html]
[archive.pycon.kr/2014/2014/about/sponsor/insilicogen/index.html]
[archive.pycon.kr/2014/about/sponsor/hanbit.html]
[archive.pycon.kr/2014/2014/about/sponsor/hanbit/index.html]
[archive.pycon.kr/2014/about/sponsor/insight.html]
[archive.pycon.kr/2014/2014/about/sponsor/insight/index.html]
[archive.pycon.kr/2014/about/sponsor/olc.html]
[archive.pycon.kr/about/coc/index.html]
[connect.facebook.net/en_US/all.js]
[archive.pycon.kr/2014/static/components/bootstrap/dist/fonts/glyphicons-halflings-regular.svg]
[archive.pycon.kr/2014/static/components/font-awesome/fonts/fontawesome-webfont862f.svg]
[archive.pycon.kr/2014/2014/about/pyconkr/index.html]
[archive.pycon.kr/2014/2014/about/coc/index.html]
[archive.pycon.kr/2014/2014/about/detail/index.html]
[archive.pycon.kr/2014/2014/about/announcements/index.html]
[archive.pycon.kr/2014/2014/about/sponsor/olc/index.html]
[archive.pycon.kr/2014/about/announcement/2.html]
[archive.pycon.kr/2014/2014/about/announcement/2/index.html]
[archive.pycon.kr/2014/about/announcement/1.html]
[archive.pycon.kr/2014/2014/about/sponsors/index.html]
[archive.pycon.kr/2014/2014/about/staff/index.html]
[archive.pycon.kr/2014/2014/programs/cfp/index.html]
[archive.pycon.kr/2014/2014/programs/schedule/index.html]
[archive.pycon.kr/2014/2014/about/announcement/1/index.html]
[archive.pycon.kr/2014/program/21.html]
[archive.pycon.kr/2014/2014/program/21/index.html]
[archive.pycon.kr/2014/program/20.html]
[archive.pycon.kr/2014/2014/program/20/index.html]
[archive.pycon.kr/2014/program/14.html]
[archive.pycon.kr/2014/2014/program/14/index.html]
[archive.pycon.kr/2014/program/5.html]
[archive.pycon.kr/2014/2014/program/5/index.html]
[archive.pycon.kr/2014/program/16.html]
[archive.pycon.kr/2014/2014/program/16/index.html]
[archive.pycon.kr/2014/program/3.html]
[archive.pycon.kr/2014/2014/program/3/index.html]
[archive.pycon.kr/2014/program/9.html]
[archive.pycon.kr/2014/2014/program/9/index.html]
[archive.pycon.kr/2014/program/12.html]
[archive.pycon.kr/2014/2014/program/12/index.html]
[archive.pycon.kr/2014/program/4.html]
[archive.pycon.kr/2014/2014/program/4/index.html]
[archive.pycon.kr/2014/program/13.html]
[archive.pycon.kr/2014/2014/program/13/index.html]
[archive.pycon.kr/2014/program/11.html]
[archive.pycon.kr/2014/2014/program/11/index.html]
[archive.pycon.kr/2014/program/27.html]
[archive.pycon.kr/2014/2014/program/27/index.html]
[archive.pycon.kr/2014/program/10.html]
[archive.pycon.kr/2014/2014/program/10/index.html]
[archive.pycon.kr/2014/program/1.html]
[archive.pycon.kr/2014/2014/program/1/index.html]
[archive.pycon.kr/2014/program/7.html]
[archive.pycon.kr/2014/2014/program/7/index.html]
[archive.pycon.kr/2014/program/2.html]
[archive.pycon.kr/2014/2014/program/2/index.html]
[archive.pycon.kr/2014/program/15.html]
[archive.pycon.kr/2014/2014/program/15/index.html]
[archive.pycon.kr/2014/program/6.html]
[archive.pycon.kr/2014/2014/program/6/index.html]
[archive.pycon.kr/2014/program/25.html]
[archive.pycon.kr/2014/2014/program/25/index.html]
[archive.pycon.kr/2014/program/8.html]
[archive.pycon.kr/2014/2014/program/8/index.html]
[archive.pycon.kr/2014/program/22.html]
[archive.pycon.kr/2014/2014/program/22/index.html]
[archive.pycon.kr/2014/program/23.html]
[archive.pycon.kr/2014/2014/program/23/index.html]
[archive.pycon.kr/2014/program/24.html]
[archive.pycon.kr/2014/2014/program/24/index.html]
[archive.pycon.kr/2014/2014/media/speaker/perky.jpg/index.html]
[archive.pycon.kr/2014/programs/speaker/perky.html]
[archive.pycon.kr/2014/2014/programs/speaker/perky/index.html]
[archive.pycon.kr/2014/2014/media/speaker/haje01.png/index.html]
[archive.pycon.kr/2014/programs/speaker/haje01.html]
[archive.pycon.kr/2014/2014/programs/speaker/haje01/index.html]
[archive.pycon.kr/2014/2014/media/speaker/sgonv.jpg/index.html]
[archive.pycon.kr/2014/programs/speaker/sgonv.html]
[archive.pycon.kr/2014/2014/programs/speaker/sgonv/index.html]
[archive.pycon.kr/2014/2014/media/speaker/charleskim.jpg/index.html]
[archive.pycon.kr/2014/programs/speaker/charleskim.html]
[archive.pycon.kr/2014/2014/programs/speaker/charleskim/index.html]
[archive.pycon.kr/2014/2014/media/speaker/kkung.jpg/index.html]
[archive.pycon.kr/2014/programs/speaker/kkung.html]
[archive.pycon.kr/2014/2014/programs/speaker/kkung/index.html]
[archive.pycon.kr/2014/2014/media/speaker/yong27.jpg/index.html]
[archive.pycon.kr/2014/programs/speaker/yong27.html]
[archive.pycon.kr/2014/2014/programs/speaker/yong27/index.html]
[archive.pycon.kr/2014/2014/media/speaker/sigmadream.jpg/index.html]
[archive.pycon.kr/2014/programs/speaker/sigmadream.html]
[archive.pycon.kr/2014/2014/programs/speaker/sigmadream/index.html]
[archive.pycon.kr/2014/2014/media/speaker/devunt.jpg/index.html]
[archive.pycon.kr/2014/programs/speaker/devunt.html]
[archive.pycon.kr/2014/2014/programs/speaker/devunt/index.html]
[archive.pycon.kr/2014/2014/static/image/anonymous.png/index.html]
[archive.pycon.kr/2014/programs/speaker/ryusuke_kajiyama.html]
[archive.pycon.kr/2014/2014/programs/speaker/ryusuke_kajiyama/index.html]
[archive.pycon.kr/2014/2014/media/speaker/oraora82.jpg/index.html]
[archive.pycon.kr/2014/programs/speaker/kdog.html]
[archive.pycon.kr/2014/2014/programs/speaker/kdog/index.html]
[archive.pycon.kr/2014/2014/media/speaker/lucypark.jpg/index.html]
[archive.pycon.kr/2014/programs/speaker/lucypark.html]
[archive.pycon.kr/2014/2014/programs/speaker/lucypark/index.html]
[archive.pycon.kr/2014/2014/media/speaker/seungjin.jpg/index.html]
[archive.pycon.kr/2014/programs/speaker/seungjin.html]
[archive.pycon.kr/2014/2014/programs/speaker/seungjin/index.html]
[archive.pycon.kr/2014/2014/media/speaker/kyunghoon.jpg/index.html]
[archive.pycon.kr/2014/programs/speaker/kyunghoon.html]
[archive.pycon.kr/2014/2014/programs/speaker/kyunghoon/index.html]
[archive.pycon.kr/2014/2014/media/speaker/jongman.jpg/index.html]
[archive.pycon.kr/2014/programs/speaker/jongman.html]
[archive.pycon.kr/2014/2014/programs/speaker/jongman/index.html]
[archive.pycon.kr/2014/2014/media/speaker/kang.jpeg/index.html]
[archive.pycon.kr/2014/programs/speaker/kang.html]
[archive.pycon.kr/2014/2014/programs/speaker/kang/index.html]
[archive.pycon.kr/2014/programs/speaker/seojiwon.html]
[archive.pycon.kr/2014/2014/programs/speaker/seojiwon/index.html]
[archive.pycon.kr/2014/2014/media/speaker/hongminhee.jpg/index.html]
[archive.pycon.kr/2014/programs/speaker/hongminhee.html]
[archive.pycon.kr/2014/2014/programs/speaker/hongminhee/index.html]
[archive.pycon.kr/2014/2014/media/speaker/plusjune.jpg/index.html]
[archive.pycon.kr/2014/programs/speaker/plusjune.html]
[archive.pycon.kr/2014/2014/programs/list/index.html]
[archive.pycon.kr/2014/2014/programs/speaker/plusjune/index.html]
[archive.pycon.kr/2014/program/18.html]
[archive.pycon.kr/2014/2014/program/18/index.html]
[archive.pycon.kr/2014/program/19.html]
[archive.pycon.kr/2014/2014/program/19/index.html]
[archive.pycon.kr/2014/program/26.html]
[archive.pycon.kr/2014/2014/program/26/index.html]
[archive.pycon.kr/2014/program/28.html]
[archive.pycon.kr/2014/2014/programs/speakers/index.html]
[archive.pycon.kr/2014/2014/program/28/index.html]
[archive.pycon.kr/2014/2014/media/speaker/daesung_kang.jpg/index.html]
[archive.pycon.kr/2014/programs/speaker/daesung_kang.html]
[archive.pycon.kr/2014/2014/programs/speaker/daesung_kang/index.html]
[archive.pycon.kr/2014/2014/media/speaker/kakung_kim.jpg/index.html]
[archive.pycon.kr/2014/programs/speaker/kakung_kim.html]
[archive.pycon.kr/2014/2014/programs/speaker/kakung_kim/index.html]
[archive.pycon.kr/2014/2014/media/speaker/lqez.jpg/index.html]
[archive.pycon.kr/2014/programs/speaker/lqez.html]
[archive.pycon.kr/2014/2014/programs/speaker/lqez/index.html]
[archive.pycon.kr/2014/2014/media/speaker/daejeeling.jpg/index.html]
[archive.pycon.kr/2014/programs/speaker/darjeeling.html]
[archive.pycon.kr/2014/2014/programs/jobfair/index.html]
[archive.pycon.kr/2014/2014/programs/bof/index.html]
[archive.pycon.kr/2014/2014/registration/index.html]
[archive.pycon.kr/2014/2014/venue/index.html]
[archive.pycon.kr/2014/2014/contact/index.html]
[archive.pycon.kr/2014/2014/login/index.html]
[archive.pycon.kr/2014/2014/about/announcement/5/index.html]
[archive.pycon.kr/2014/2014/about/announcement/4/index.html]
[archive.pycon.kr/2014/2014/about/announcement/3/index.html]
[archive.pycon.kr/2014/2014/about/sponsor/google/index.html]
[archive.pycon.kr/2014/2014/about/sponsor/nipa/index.html]
[archive.pycon.kr/2014/2014/about/sponsor/opentechnet/index.html]
[archive.pycon.kr/2014/2014/about/sponsor/naverd2/index.html]
[archive.pycon.kr/2014/2014/about/sponsor/github/index.html]
[archive.pycon.kr/2014/2014/about/sponsor/smartstudy/index.html]
[archive.pycon.kr/2014/2014/about/sponsor/yogiyo/index.html]
[archive.pycon.kr/2014/2014/about/sponsor/insilicogen/index.html]
[archive.pycon.kr/2014/2014/about/sponsor/hanbit/index.html]
[archive.pycon.kr/2014/2014/about/sponsor/insight/index.html]
[archive.pycon.kr/2014/2014/about/sponsor/olc/index.html]
[archive.pycon.kr/2014/2014/about/announcement/2/index.html]
[archive.pycon.kr/2014/2014/about/announcement/1/index.html]
[archive.pycon.kr/2014/2014/program/21/index.html]
[archive.pycon.kr/2014/2014/program/20/index.html]
[archive.pycon.kr/2014/2014/program/14/index.html]
[archive.pycon.kr/2014/2014/program/5/index.html]
[archive.pycon.kr/2014/2014/program/16/index.html]
[archive.pycon.kr/2014/2014/program/3/index.html]
[archive.pycon.kr/2014/2014/program/9/index.html]
[archive.pycon.kr/2014/2014/program/12/index.html]
[archive.pycon.kr/2014/2014/program/4/index.html]
[archive.pycon.kr/2014/2014/program/13/index.html]
[archive.pycon.kr/2014/2014/program/11/index.html]
[archive.pycon.kr/2014/2014/program/27/index.html]
[archive.pycon.kr/2014/2014/program/10/index.html]
[archive.pycon.kr/2014/2014/program/1/index.html]
[archive.pycon.kr/2014/2014/program/7/index.html]
[archive.pycon.kr/2014/2014/program/2/index.html]
[archive.pycon.kr/2014/2014/program/15/index.html]
[archive.pycon.kr/2014/2014/program/6/index.html]
[archive.pycon.kr/2014/2014/program/25/index.html]
[archive.pycon.kr/2014/2014/program/8/index.html]
[archive.pycon.kr/2014/2014/program/22/index.html]
[archive.pycon.kr/2014/2014/program/23/index.html]
[archive.pycon.kr/2014/2014/program/24/index.html]
[archive.pycon.kr/2014/2014/media/speaker/perky.jpg/index.html]
[archive.pycon.kr/2014/2014/programs/speaker/perky/index.html]
[archive.pycon.kr/2014/2014/media/speaker/haje01.png/index.html]
[archive.pycon.kr/2014/2014/programs/speaker/haje01/index.html]
[archive.pycon.kr/2014/2014/media/speaker/sgonv.jpg/index.html]
[archive.pycon.kr/2014/2014/programs/speaker/sgonv/index.html]
[archive.pycon.kr/2014/2014/media/speaker/charleskim.jpg/index.html]
[archive.pycon.kr/2014/2014/programs/speaker/charleskim/index.html]
[archive.pycon.kr/2014/2014/media/speaker/kkung.jpg/index.html]
[archive.pycon.kr/2014/2014/programs/speaker/kkung/index.html]
[archive.pycon.kr/2014/2014/media/speaker/yong27.jpg/index.html]
[archive.pycon.kr/2014/2014/programs/speaker/yong27/index.html]
[archive.pycon.kr/2014/2014/media/speaker/sigmadream.jpg/index.html]
[archive.pycon.kr/2014/2014/programs/speaker/sigmadream/index.html]
[archive.pycon.kr/2014/2014/media/speaker/devunt.jpg/index.html]
[archive.pycon.kr/2014/2014/programs/speaker/devunt/index.html]
[archive.pycon.kr/2014/2014/static/image/anonymous.png/index.html]
[archive.pycon.kr/2014/2014/programs/speaker/ryusuke_kajiyama/index.html]
[archive.pycon.kr/2014/2014/media/speaker/oraora82.jpg/index.html]
[archive.pycon.kr/2014/2014/programs/speaker/kdog/index.html]
[archive.pycon.kr/2014/2014/media/speaker/lucypark.jpg/index.html]
[archive.pycon.kr/2014/2014/programs/speaker/lucypark/index.html]
[archive.pycon.kr/2014/2014/media/speaker/seungjin.jpg/index.html]
[archive.pycon.kr/2014/2014/programs/speaker/seungjin/index.html]
[archive.pycon.kr/2014/2014/media/speaker/kyunghoon.jpg/index.html]
[archive.pycon.kr/2014/2014/programs/speaker/kyunghoon/index.html]
[archive.pycon.kr/2014/2014/media/speaker/jongman.jpg/index.html]
[archive.pycon.kr/2014/2014/programs/speaker/jongman/index.html]
[archive.pycon.kr/2014/2014/media/speaker/kang.jpeg/index.html]
[archive.pycon.kr/2014/2014/programs/speaker/kang/index.html]
[archive.pycon.kr/2014/2014/programs/speaker/seojiwon/index.html]
[archive.pycon.kr/2014/2014/media/speaker/hongminhee.jpg/index.html]
[archive.pycon.kr/2014/2014/programs/speaker/hongminhee/index.html]
[archive.pycon.kr/2014/2014/media/speaker/plusjune.jpg/index.html]
[archive.pycon.kr/2014/2014/programs/speaker/plusjune/index.html]
[archive.pycon.kr/2014/2014/program/18/index.html]
[archive.pycon.kr/2014/2014/program/19/index.html]
[archive.pycon.kr/2014/2014/program/26/index.html]
[archive.pycon.kr/2014/2014/program/28/index.html]
[archive.pycon.kr/2014/2014/media/speaker/daesung_kang.jpg/index.html]
[archive.pycon.kr/2014/2014/programs/speaker/daesung_kang/index.html]
[archive.pycon.kr/2014/2014/media/speaker/kakung_kim.jpg/index.html]
[archive.pycon.kr/2014/2014/programs/speaker/kakung_kim/index.html]
[archive.pycon.kr/2014/2014/media/speaker/lqez.jpg/index.html]
[archive.pycon.kr/2014/2014/programs/speaker/lqez/index.html]
[archive.pycon.kr/2014/2014/media/speaker/daejeeling.jpg/index.html]
[archive.pycon.kr/2014/2014/programs/speaker/darjeeling/index.html]
[archive.pycon.kr/2014/2014/programs/speaker/darjeeling/index.html]
